Microchip MPLAB XC8 Compiler V2.32

Linker command line:

-W-3 --edf=C:\Program Files\Microchip\xc8\v2.32\pic\dat\en_msgs.txt -cn \
  -h+dist/default/production\USB_CDC_Lab.X.production.sym \
  --cmf=dist/default/production\USB_CDC_Lab.X.production.cmf -z -Q18F45K50 \
  -oC:\Users\CURSOS\AppData\Local\Temp\xcAs5v0.4 --defsym=__MPLAB_BUILD=1 \
  -Mdist/default/production/USB_CDC_Lab.X.production.map -E1 \
  -ver=XC8 Compiler --acfsm=1493 -ASTACK=0580h-07FFh -pstack=STACK \
  -ACODE=00h-07FFFh -ACONST=00h-07FFFh -ASMALLCONST=0800h-08FFhx120 \
  -AMEDIUMCONST=0800h-07FFFh -ACOMRAM=01h-05Fh -AABS1=00h-07FFh \
  -ABIGRAM=01h-07FFh -ARAM=060h-0FFh,0100h-01FFhx7 -ABANK0=060h-0FFh \
  -ABANK1=0100h-01FFh -ABANK2=0200h-02FFh -ABANK3=0300h-03FFh \
  -ABANK4=0400h-04FFh -ABANK5=0500h-05FFh -ABANK6=0600h-06FFh \
  -ABANK7=0700h-07FFh -ASFR=0F53h-0F5Fh,0F60h-0FFFh \
  -ACONFIG=0300000h-030000Dh -AIDLOC=0200000h-0200007h \
  -AEEDATA=0F00000h-0F000FFh -peeprom_data=EEDATA \
  -preset_vec=00h,intcode=08h,intcodelo=018h,powerup,init -pramtop=0800h \
  -psmallconst=SMALLCONST -pmediumconst=MEDIUMCONST -pconst=CONST \
  -AFARRAM=00h-00h \
  -prdata=COMRAM,nvrram=COMRAM,nvbit=COMRAM,rbss=COMRAM,rbit=COMRAM \
  -pfarbss=FARRAM,fardata=FARRAM,nvFARRAM=FARRAM \
  -pintsave_regs=BIGRAM,bigbss=BIGRAM,bigdata=BIGRAM -pbss=RAM \
  -pidata=CODE,irdata=CODE,ibigdata=CODE,ifardata=CODE -prparam=COMRAM \
  C:\Users\CURSOS\AppData\Local\Temp\xcAs5v0.o \
  dist/default/production\USB_CDC_Lab.X.production.o 

Object code version is 3.11

Machine type is 18F45K50



                Name                               Link     Load   Length Selector   Space Scale
C:\Users\CURSOS\AppData\Local\Temp\xcAs5v0.o
                idloc                            200000   200000        8        0       5
                config                           300000   300000        E        0       4
                init                                 A6       A6        4        C       0
                reset_vec                             0        0        4        0       0
dist/default/production\USB_CDC_Lab.X.production.o
                intcodelo                            18       18       8E        C       0
                intcode                               8        8        6        4       0
                idloc                            200000   200000        8        0       5
                config                           300000   300000        E        0       4
                temp                                 5A       5A        1        1       1
                mediumconst                        7ECC     7ECC      134     3F66       0
                text95                             502E     502E       10        C       0
                text94                             506E     506E        4        C       0
                text93                             5058     5058        C        C       0
                intcode_body                       4F30     4F30       28        C       0
                text91                             3164     3164      110        C       0
                text90                             3490     3490      10A        C       0
                text89                             3B76     3B76       F0        C       0
                text88                             2912     2912      142        C       0
                text87                             4732     4732       74        C       0
                text86                             434A     434A       AC        C       0
                text85                             4BBE     4BBE       4C        C       0
                text84                             2CD4     2CD4      13E        C       0
                text83                             4952     4952       64        C       0
                text82                             37A0     37A0      102        C       0
                text81                             4636     4636       88        C       0
                text80                              874      874      350        C       0
                text79                             2292     2292      160        C       0
                text78                             369E     369E      102        C       0
                text77                             1CE6     1CE6      176        C       0
                text76                             3C66     3C66       EC        C       0
                text75                             2F36     2F36      11E        C       0
                text74                             429E     429E       AC        C       0
                text73                             2B94     2B94      140        C       0
                text72                             451E     451E       8E        C       0
                text71                             4B6E     4B6E       50        C       0
                text70                             4088     4088       BA        C       0
                text69                             2542     2542      14A        C       0
                text68                             4DCE     4DCE       34        C       0
                text67                             4A16     4A16       60        C       0
                text66                             4E62     4E62       2C        C       0
                text65                             4D5C     4D5C       3E        C       0
                text64                             140C     140C      22E        C       0
                text62                             4FE6     4FE6       20        C       0
                text61                             501A     501A       14        C       0
                text60                             4F58     4F58       26        C       0
                text59                             503E     503E        E        C       0
                text58                             504C     504C        C        C       0
                text57                             5064     5064        A        C       0
                text56                             5006     5006       14        C       0
                text55                             4C52     4C52       46        C       0
                text54                             1B6E     1B6E      178        C       0
                text53                             23F2     23F2      150        C       0
                text52                             4FC6     4FC6       20        C       0
                text51                             27D0     27D0      142        C       0
                text50                             1840     1840      1A4        C       0
                text49                             4E8E     4E8E       2A        C       0
                text48                             19E4     19E4      18A        C       0
                text47                             1FC8     1FC8      166        C       0
                text46                             4CDA     4CDA       42        C       0
                text45                             47A6     47A6       70        C       0
                text44                             4F08     4F08       28        C       0
                text43                             43F6     43F6       98        C       0
                text42                             4C0A     4C0A       48        C       0
                text41                             4B1C     4B1C       52        C       0
                text40                             3F04     3F04       CA        C       0
                text39                              EF4      EF4      2E4        C       0
                text38                             3D52     3D52       E0        C       0
                text37                             3994     3994       F2        C       0
                text36                             3E32     3E32       D2        C       0
                text35                             163A     163A      206        C       0
                text34                               AA       AA      452        C       0
                text33                             4880     4880       6A        C       0
                text32                             4EE0     4EE0       28        C       0
                text31                             4FA2     4FA2       24        C       0
                text30                             4F7E     4F7E       24        C       0
                text29                             3054     3054      110        C       0
                text28                             3382     3382      10E        C       0
                text27                             3A86     3A86       F0        C       0
                text26                             268C     268C      144        C       0
                text25                             46BE     46BE       74        C       0
                text24                             4142     4142       B0        C       0
                text23                             4A76     4A76       54        C       0
                text22                             4816     4816       6A        C       0
                text21                             359A     359A      104        C       0
                text20                             45AC     45AC       8A        C       0
                text19                              4FC      4FC      378        C       0
                text18                             1E5C     1E5C      16C        C       0
                text17                             3274     3274      10E        C       0
                text16                             38A2     38A2       F2        C       0
                text15                             2E12     2E12      124        C       0
                text14                             41F2     41F2       AC        C       0
                text13                             2A54     2A54      140        C       0
                text12                             448E     448E       90        C       0
                text11                             4ACA     4ACA       52        C       0
                text10                             3FCE     3FCE       BA        C       0
                text9                              4D9A     4D9A       34        C       0
                text8                              49B6     49B6       60        C       0
                text7                              4E34     4E34       2E        C       0
                text6                              4D1C     4D1C       40        C       0
                text5                              11D8     11D8      234        C       0
                text4                              4EB8     4EB8       28        C       0
                text3                               BC4      BC4      330        C       0
                text2                              4C98     4C98       42        C       0
                text1                              212E     212E      164        C       0
                text0                              48EA     48EA       68        C       0
                cstackCOMRAM                         2E       2E       2C        1       1
                cstackBANK0                          60       60       87       60       1
                cstackBANK1                         194      194       29      100       1
                bssBANK1                            100      100       94      100       1
                bssBANK0                             E7       E7       18       60       1
                bssCOMRAM                             1        1       2D        1       1
                cinit                              4E02     4E02       32        C       0

TOTAL           Name                               Link     Load   Length     Space
        CLASS   STACK          

        CLASS   CODE           
                intcodelo                            18       18       8E         0
                intcode                               8        8        6         0
                init                                 A6       A6        4         0
                reset_vec                             0        0        4         0
                text95                             502E     502E       10         0
                text94                             506E     506E        4         0
                text93                             5058     5058        C         0
                intcode_body                       4F30     4F30       28         0
                text91                             3164     3164      110         0
                text90                             3490     3490      10A         0
                text89                             3B76     3B76       F0         0
                text88                             2912     2912      142         0
                text87                             4732     4732       74         0
                text86                             434A     434A       AC         0
                text85                             4BBE     4BBE       4C         0
                text84                             2CD4     2CD4      13E         0
                text83                             4952     4952       64         0
                text82                             37A0     37A0      102         0
                text81                             4636     4636       88         0
                text80                              874      874      350         0
                text79                             2292     2292      160         0
                text78                             369E     369E      102         0
                text77                             1CE6     1CE6      176         0
                text76                             3C66     3C66       EC         0
                text75                             2F36     2F36      11E         0
                text74                             429E     429E       AC         0
                text73                             2B94     2B94      140         0
                text72                             451E     451E       8E         0
                text71                             4B6E     4B6E       50         0
                text70                             4088     4088       BA         0
                text69                             2542     2542      14A         0
                text68                             4DCE     4DCE       34         0
                text67                             4A16     4A16       60         0
                text66                             4E62     4E62       2C         0
                text65                             4D5C     4D5C       3E         0
                text64                             140C     140C      22E         0
                text62                             4FE6     4FE6       20         0
                text61                             501A     501A       14         0
                text60                             4F58     4F58       26         0
                text59                             503E     503E        E         0
                text58                             504C     504C        C         0
                text57                             5064     5064        A         0
                text56                             5006     5006       14         0
                text55                             4C52     4C52       46         0
                text54                             1B6E     1B6E      178         0
                text53                             23F2     23F2      150         0
                text52                             4FC6     4FC6       20         0
                text51                             27D0     27D0      142         0
                text50                             1840     1840      1A4         0
                text49                             4E8E     4E8E       2A         0
                text48                             19E4     19E4      18A         0
                text47                             1FC8     1FC8      166         0
                text46                             4CDA     4CDA       42         0
                text45                             47A6     47A6       70         0
                text44                             4F08     4F08       28         0
                text43                             43F6     43F6       98         0
                text42                             4C0A     4C0A       48         0
                text41                             4B1C     4B1C       52         0
                text40                             3F04     3F04       CA         0
                text39                              EF4      EF4      2E4         0
                text38                             3D52     3D52       E0         0
                text37                             3994     3994       F2         0
                text36                             3E32     3E32       D2         0
                text35                             163A     163A      206         0
                text34                               AA       AA      452         0
                text33                             4880     4880       6A         0
                text32                             4EE0     4EE0       28         0
                text31                             4FA2     4FA2       24         0
                text30                             4F7E     4F7E       24         0
                text29                             3054     3054      110         0
                text28                             3382     3382      10E         0
                text27                             3A86     3A86       F0         0
                text26                             268C     268C      144         0
                text25                             46BE     46BE       74         0
                text24                             4142     4142       B0         0
                text23                             4A76     4A76       54         0
                text22                             4816     4816       6A         0
                text21                             359A     359A      104         0
                text20                             45AC     45AC       8A         0
                text19                              4FC      4FC      378         0
                text18                             1E5C     1E5C      16C         0
                text17                             3274     3274      10E         0
                text16                             38A2     38A2       F2         0
                text15                             2E12     2E12      124         0
                text14                             41F2     41F2       AC         0
                text13                             2A54     2A54      140         0
                text12                             448E     448E       90         0
                text11                             4ACA     4ACA       52         0
                text10                             3FCE     3FCE       BA         0
                text9                              4D9A     4D9A       34         0
                text8                              49B6     49B6       60         0
                text7                              4E34     4E34       2E         0
                text6                              4D1C     4D1C       40         0
                text5                              11D8     11D8      234         0
                text4                              4EB8     4EB8       28         0
                text3                               BC4      BC4      330         0
                text2                              4C98     4C98       42         0
                text1                              212E     212E      164         0
                text0                              48EA     48EA       68         0
                cinit                              4E02     4E02       32         0

        CLASS   CONST          

        CLASS   SMALLCONST     

        CLASS   MEDIUMCONST    
                mediumconst                        7ECC     7ECC      134         0

        CLASS   COMRAM         
                temp                                 5A       5A        1         1
                cstackCOMRAM                         2E       2E       2C         1
                bssCOMRAM                             1        1       2D         1

        CLASS   ABS1           
                abs_s1                              400      400       40         1
                abs_s1                              500      500       80         1

        CLASS   BIGRAM         

        CLASS   RAM            

        CLASS   BANK0          
                cstackBANK0                          60       60       87         1
                bssBANK0                             E7       E7       18         1

        CLASS   BANK1          
                cstackBANK1                         194      194       29         1
                bssBANK1                            100      100       94         1

        CLASS   BANK2          

        CLASS   BANK3          

        CLASS   BANK4          

        CLASS   BANK5          

        CLASS   BANK6          

        CLASS   BANK7          

        CLASS   SFR            

        CLASS   CONFIG         
                config                           300000   300000        E         4

        CLASS   IDLOC          
                idloc                            200000   200000        8         5

        CLASS   EEDATA         

        CLASS   FARRAM         



SEGMENTS        Name                           Load    Length   Top    Selector   Space  Class

                reset_vec                      000000  000004  000004         0       0  CODE    
                bssCOMRAM                      000001  00005A  00005B         1       1  COMRAM  
                intcode                        000008  000006  00000E         4       0  CODE    
                intcodelo                      000018  00505A  005072         C       0  CODE    
                cstackBANK0                    000060  00009F  0000FF        60       1  BANK0   
                bssBANK1                       000100  0000BD  0001BD       100       1  BANK1   
                mediumconst                    007ECC  000134  008000      3F66       0  MEDIUMCO


UNUSED ADDRESS RANGES

        Name                Unused          Largest block    Delta
        BANK0            0000FF-0000FF                1
        BANK1            0001BD-0001FF               43
        BANK2            000200-0002FF              100
        BANK3            000300-0003FF              100
        BANK4            000440-0004FF               C0
        BANK5            000580-0005FF               80
        BANK6            000600-0006FF              100
        BANK7            000700-0007FF              100
        BIGRAM           00005B-00005F                5
                         0000FF-0000FF                1
                         0001BD-0003FF              243
                         000440-0004FF               C0
                         000580-0007FF              280
        CODE             000004-000007                4
                         00000E-000017                A
                         005072-007ECB             2E5A
        COMRAM           00005B-00005F                5
        CONST            000004-000007                4
                         00000E-000017                A
                         005072-007ECB             2E5A
        EEDATA           F00000-F000FF              100
        MEDIUMCONST      005072-007ECB             2E5A
        RAM              0000FF-0000FF                1
                         0001BD-0003FF              100
                         000440-0004FF               C0
                         000580-0007FF              100
        SFR              000F53-000FFF                D
        SMALLCONST       005072-007ECB              100
        STACK            000580-0007FF              280

                                  Symbol Table

?_Millis_Get                                cstackBANK0  000060
?_USBTransferOnePacket                      cstackBANK0  000060
?___aodiv                                   cstackBANK0  000060
?___aomod                                   cstackBANK0  000060
?___lodiv                                   cstackBANK0  000060
?___lomod                                   cstackBANK0  000060
?___wmul                                    cstackBANK0  000060
?_abs                                       cstackBANK0  000072
?_dtoa                                      cstackBANK0  000082
?_pad                                       cstackBANK0  000077
?_printf                                    cstackBANK0  0000D2
?_strlen                                    cstackBANK0  000060
?_strncmp                                   cstackBANK0  000060
?_utoa                                      cstackBANK0  000082
?_vfpfcnvrt                                 cstackBANK0  0000A6
?_vfprintf                                  cstackBANK0  0000CA
?i1_USBTransferOnePacket                    cstackCOMRAM 00002E
CDCTxService@byte_to_send                   cstackBANK0  00006C
CDCTxService@i                              cstackBANK0  00006B
Millis_Get@m                                cstackBANK0  000064
Millis_Init@highPriority                    cstackBANK0  000061
TMR1_Initialize@highPriority                cstackBANK0  000060
USBConfigureEndpoint@EPNum                  cstackBANK0  000065
USBConfigureEndpoint@direction              cstackBANK0  000060
USBConfigureEndpoint@handle                 cstackBANK0  000066
USBCtrlTrfInHandler@lastDTS                 cstackBANK0  000061
USBCtrlTrfRxService@byteToRead              cstackBANK0  000061
USBCtrlTrfRxService@i                       cstackBANK0  000060
USBCtrlTrfTxService@byteToSend              cstackBANK0  000060
USBDeviceInit@i                             cstackBANK0  00006C
USBDeviceTasks@i                            cstackBANK0  00007E
USBEnableEndpoint@ep                        cstackBANK0  00006B
USBEnableEndpoint@options                   cstackBANK0  000068
USBEnableEndpoint@p                         cstackBANK0  000069
USBStdFeatureReqHandler@current_ep_data     cstackBANK0  000078
USBStdFeatureReqHandler@p                   cstackBANK0  000079
USBStdFeatureReqHandler@pUEP                cstackBANK0  000076
USBStdGetStatusHandler@p                    cstackBANK0  000062
USBStdSetCfgHandler@i                       cstackBANK0  000074
USBTransferOnePacket@data                   cstackBANK0  000061
USBTransferOnePacket@dir                    cstackBANK0  000060
USBTransferOnePacket@ep                     cstackBANK0  000068
USBTransferOnePacket@handle                 cstackBANK0  000069
USBTransferOnePacket@len                    cstackBANK0  000063
USER_USB_CALLBACK_EVENT_HANDLER@event       cstackBANK0  00006C
USER_USB_CALLBACK_EVENT_HANDLER@pdata       cstackBANK0  00006E
USER_USB_CALLBACK_EVENT_HANDLER@size        cstackBANK0  000070
_ANSELDbits                                 (abs)        000F5E
_BDT                                        (abs)        000400
_BaudRateGen                                bssBANK1     00010A
_BothEP0OutUOWNsSet                         bssCOMRAM    000028
_CDCDataInHandle                            bssBANK0     0000F1
_CDCDataOutHandle                           bssCOMRAM    00001B
_CDCInitEP                                  text22       004816
_CDCTxService                               text50       001840
_CtrlTrfData                                (abs)        000438
_INTCON2bits                                (abs)        000FF1
_INTCON3bits                                (abs)        000FF0
_INTCONbits                                 (abs)        000FF2
_INTERRUUPT_Init                            text61       00501A
_IPR1bits                                   (abs)        000F9F
_IPR3bits                                   (abs)        000FA5
_ISR_High_Priority                          intcode      000008
_ISR_Low_Priority                           intcodelo    000018
_LATDbits                                   (abs)        000F8C
_MillisISR                                  text95       00502E
_Millis_Get                                 text49       004E8E
_Millis_Init                                text59       00503E
_OSCCON2bits                                (abs)        000FD2
_OSCCONbits                                 (abs)        000FD3
_OSCILATOR_Init                             text58       00504C
_PIE1bits                                   (abs)        000F9D
_PIE3bits                                   (abs)        000FA3
_PIR1bits                                   (abs)        000F9E
_PIR3bits                                   (abs)        000FA4
_PORT_Init                                  text57       005064
_RCONbits                                   (abs)        000FD0
_RemoteWakeup                               bssCOMRAM    00002A
_SetupPkt                                   (abs)        000430
_T1CONbits                                  (abs)        000FCD
_T1GCONbits                                 (abs)        000FCC
_T2CONbits                                  (abs)        000FBA
_TMR1H                                      (abs)        000FCF
_TMR1L                                      (abs)        000FCE
_TMR1_Clear_Flag_Ovf                        text94       00506E
_TMR1_Enable_Interrupt                      text62       004FE6
_TMR1_ISR                                   text93       005058
_TMR1_Initialize                            text60       004F58
_TMR2                                       (abs)        000FBC
_TRISDbits                                  (abs)        000F95
_Task1                                      text30       004F7E
_Task2                                      text31       004FA2
_Timer2_Initialize                          text56       005006
_UADDR                                      (abs)        000F63
_UCFG                                       (abs)        000F62
_UCON                                       (abs)        000F60
_UCONbits                                   (abs)        000F60
_UEIE                                       (abs)        000F66
_UEIR                                       (abs)        000F67
_UEP0                                       (abs)        000F6A
_UEP0bits                                   (abs)        000F6A
_UEP1                                       (abs)        000F6B
_UIE                                        (abs)        000F64
_UIEbits                                    (abs)        000F64
_UIR                                        (abs)        000F65
_UIRbits                                    (abs)        000F65
_USB1msTickCount                            bssBANK1     00010E
_USBActiveConfiguration                     bssBANK0     0000FE
_USBAlternateInterface                      bssBANK0     0000FB
_USBBusIsSuspended                          bssCOMRAM    000029
_USBCheckCDCRequest                         text21       00359A
_USBCheckStdRequest                         text15       002E12
_USBConfigureEndpoint                       text24       004142
_USBCtrlEPAllowDataStage                    text14       0041F2
_USBCtrlEPAllowStatusStage                  text27       003A86
_USBCtrlEPService                           text10       003FCE
_USBCtrlEPServiceComplete                   text13       002A54
_USBCtrlTrfInHandler                        text28       003382
_USBCtrlTrfOutHandler                       text25       0046BE
_USBCtrlTrfRxService                        text26       00268C
_USBCtrlTrfSetupHandler                     text12       00448E
_USBCtrlTrfTxService                        text29       003054
_USBDeferINDataStagePackets                 bssCOMRAM    000024
_USBDeferOUTDataStagePackets                bssCOMRAM    000023
_USBDeferStatusStagePacket                  bssCOMRAM    000027
_USBDeviceAttach                            text55       004C52
_USBDeviceInit                              text53       0023F2
_USBDeviceState                             bssBANK1     00012F
_USBDeviceTasks                             text5        0011D8
_USBEnableEndpoint                          text23       004A76
_USBIncrement1msInternalTimers              text9        004D9A
_USBStallHandler                            text8        0049B6
_USBStatusStageEnabledFlag1                 bssCOMRAM    000026
_USBStatusStageEnabledFlag2                 bssCOMRAM    000025
_USBStatusStageTimeoutCounter               bssBANK0     0000F7
_USBStdFeatureReqHandler                    text19       0004FC
_USBStdGetDscHandler                        text18       001E5C
_USBStdGetStatusHandler                     text17       003274
_USBStdSetCfgHandler                        text16       0038A2
_USBSuspend                                 text7        004E34
_USBTicksSinceSuspendEnd                    bssCOMRAM    000022
_USBTransferOnePacket                       text51       0027D0
_USBWakeFromSuspend                         text6        004D1C
_USB_CD_Ptr                                 mediumconst  007ED3
_USB_SD_Ptr                                 mediumconst  007ECD
_USER_USB_CALLBACK_EVENT_HANDLER            text20       0045AC
_USTAT                                      (abs)        000F61
_USTATcopy                                  bssBANK0     0000FD
__HRAM                                      (abs)        000000
__Habs1                                     abs1         000000
__Hbank0                                    bank0        000000
__Hbank1                                    bank1        000000
__Hbank2                                    bank2        000000
__Hbank3                                    bank3        000000
__Hbank4                                    bank4        000000
__Hbank5                                    bank5        000000
__Hbank6                                    bank6        000000
__Hbank7                                    bank7        000000
__Hbigbss                                   bigbss       000000
__Hbigdata                                  bigdata      000000
__Hbigram                                   bigram       000000
__Hbss                                      bss          000000
__HbssBANK0                                 bssBANK0     000000
__HbssBANK1                                 bssBANK1     000000
__HbssCOMRAM                                bssCOMRAM    000000
__Hcinit                                    cinit        000000
__Hclrtext                                  clrtext      000000
__Hcomram                                   comram       000000
__Hconfig                                   config       30000E
__Hconst                                    const        000000
__HcstackBANK0                              cstackBANK0  000000
__HcstackBANK1                              cstackBANK1  000000
__HcstackCOMRAM                             cstackCOMRAM 000000
__Hdata                                     data         000000
__Heeprom_data                              eeprom_data  000000
__Hfarbss                                   farbss       000000
__Hfardata                                  fardata      000000
__Hibigdata                                 ibigdata     000000
__Hidata                                    idata        000000
__Hidloc                                    idloc        200008
__Hifardata                                 ifardata     000000
__Hinit                                     init         0000AA
__Hintcode                                  intcode      00000E
__Hintcode_body                             intcode_body 000000
__Hintcodelo                                intcodelo    0000A6
__Hintentry                                 intentry     000000
__Hintret                                   intret       000000
__Hintsave_regs                             intsave_regs 000000
__Hirdata                                   irdata       000000
__Hmediumconst                              mediumconst  008000
__HnvFARRAM                                 nvFARRAM     000000
__Hnvbit                                    nvbit        000000
__Hnvrram                                   nvrram       000000
__Hparam                                    rparam       000000
__Hpowerup                                  powerup      0000A6
__Hram                                      ram          000000
__Hramtop                                   ramtop       000800
__Hrbit                                     rbit         000000
__Hrbss                                     rbss         000000
__Hrdata                                    rdata        000000
__Hreset_vec                                reset_vec    000004
__Hrparam                                   rparam       000000
__Hsfr                                      sfr          000000
__Hsmallconst                               smallconst   000000
__Hspace_0                                  (abs)        008000
__Hspace_1                                  (abs)        0001BD
__Hspace_2                                  (abs)        000000
__Hspace_4                                  (abs)        60000E
__Hstack                                    stack        000000
__Hstruct                                   struct       000000
__Htemp                                     temp         00005B
__Htext                                     text         000000
__Htext0                                    text0        000000
__Htext1                                    text1        000000
__Htext10                                   text10       000000
__Htext11                                   text11       000000
__Htext12                                   text12       000000
__Htext13                                   text13       000000
__Htext14                                   text14       000000
__Htext15                                   text15       000000
__Htext16                                   text16       000000
__Htext17                                   text17       000000
__Htext18                                   text18       000000
__Htext19                                   text19       000000
__Htext2                                    text2        000000
__Htext20                                   text20       000000
__Htext21                                   text21       000000
__Htext22                                   text22       000000
__Htext23                                   text23       000000
__Htext24                                   text24       000000
__Htext25                                   text25       000000
__Htext26                                   text26       000000
__Htext27                                   text27       000000
__Htext28                                   text28       000000
__Htext29                                   text29       000000
__Htext3                                    text3        000000
__Htext30                                   text30       000000
__Htext31                                   text31       000000
__Htext32                                   text32       000000
__Htext33                                   text33       000000
__Htext34                                   text34       000000
__Htext35                                   text35       000000
__Htext36                                   text36       000000
__Htext37                                   text37       000000
__Htext38                                   text38       000000
__Htext39                                   text39       000000
__Htext4                                    text4        000000
__Htext40                                   text40       000000
__Htext41                                   text41       000000
__Htext42                                   text42       000000
__Htext43                                   text43       000000
__Htext44                                   text44       000000
__Htext45                                   text45       000000
__Htext46                                   text46       000000
__Htext47                                   text47       000000
__Htext48                                   text48       000000
__Htext49                                   text49       000000
__Htext5                                    text5        000000
__Htext50                                   text50       000000
__Htext51                                   text51       000000
__Htext52                                   text52       000000
__Htext53                                   text53       000000
__Htext54                                   text54       000000
__Htext55                                   text55       000000
__Htext56                                   text56       000000
__Htext57                                   text57       000000
__Htext58                                   text58       000000
__Htext59                                   text59       000000
__Htext6                                    text6        000000
__Htext60                                   text60       000000
__Htext61                                   text61       000000
__Htext62                                   text62       000000
__Htext64                                   text64       000000
__Htext65                                   text65       000000
__Htext66                                   text66       000000
__Htext67                                   text67       000000
__Htext68                                   text68       000000
__Htext69                                   text69       000000
__Htext7                                    text7        000000
__Htext70                                   text70       000000
__Htext71                                   text71       000000
__Htext72                                   text72       000000
__Htext73                                   text73       000000
__Htext74                                   text74       000000
__Htext75                                   text75       000000
__Htext76                                   text76       000000
__Htext77                                   text77       000000
__Htext78                                   text78       000000
__Htext79                                   text79       000000
__Htext8                                    text8        000000
__Htext80                                   text80       000000
__Htext81                                   text81       000000
__Htext82                                   text82       000000
__Htext83                                   text83       000000
__Htext84                                   text84       000000
__Htext85                                   text85       000000
__Htext86                                   text86       000000
__Htext87                                   text87       000000
__Htext88                                   text88       000000
__Htext89                                   text89       000000
__Htext9                                    text9        000000
__Htext90                                   text90       000000
__Htext91                                   text91       000000
__Htext93                                   text93       000000
__Htext94                                   text94       000000
__Htext95                                   text95       000000
__Htext96                                   text96       000000
__LRAM                                      (abs)        000001
__Labs1                                     abs1         000000
__Lbank0                                    bank0        000000
__Lbank1                                    bank1        000000
__Lbank2                                    bank2        000000
__Lbank3                                    bank3        000000
__Lbank4                                    bank4        000000
__Lbank5                                    bank5        000000
__Lbank6                                    bank6        000000
__Lbank7                                    bank7        000000
__Lbigbss                                   bigbss       000000
__Lbigdata                                  bigdata      000000
__Lbigram                                   bigram       000000
__Lbss                                      bss          000000
__LbssBANK0                                 bssBANK0     000000
__LbssBANK1                                 bssBANK1     000000
__LbssCOMRAM                                bssCOMRAM    000000
__Lcinit                                    cinit        000000
__Lclrtext                                  clrtext      000000
__Lcomram                                   comram       000000
__Lconfig                                   config       000000
__Lconst                                    const        000000
__LcstackBANK0                              cstackBANK0  000000
__LcstackBANK1                              cstackBANK1  000000
__LcstackCOMRAM                             cstackCOMRAM 000000
__Ldata                                     data         000000
__Leeprom_data                              eeprom_data  000000
__Lfarbss                                   farbss       000000
__Lfardata                                  fardata      000000
__Libigdata                                 ibigdata     000000
__Lidata                                    idata        000000
__Lidloc                                    idloc        000000
__Lifardata                                 ifardata     000000
__Linit                                     init         0000A6
__Lintcode                                  intcode      000008
__Lintcode_body                             intcode_body 000000
__Lintcodelo                                intcodelo    000018
__Lintentry                                 intentry     000000
__Lintret                                   intret       000000
__Lintsave_regs                             intsave_regs 000000
__Lirdata                                   irdata       000000
__Lmediumconst                              mediumconst  007ECC
__LnvFARRAM                                 nvFARRAM     000000
__Lnvbit                                    nvbit        000000
__Lnvrram                                   nvrram       000000
__Lparam                                    rparam       000000
__Lpowerup                                  powerup      0000A6
__Lram                                      ram          000000
__Lramtop                                   ramtop       000800
__Lrbit                                     rbit         000000
__Lrbss                                     rbss         000000
__Lrdata                                    rdata        000000
__Lreset_vec                                reset_vec    000000
__Lrparam                                   rparam       000000
__Lsfr                                      sfr          000000
__Lsmallconst                               smallconst   000000
__Lspace_0                                  (abs)        000000
__Lspace_1                                  (abs)        000000
__Lspace_2                                  (abs)        000000
__Lspace_4                                  (abs)        000000
__Lstack                                    stack        000000
__Lstruct                                   struct       000000
__Ltemp                                     temp         00005A
__Ltext                                     text         000000
__Ltext0                                    text0        000000
__Ltext1                                    text1        000000
__Ltext10                                   text10       000000
__Ltext11                                   text11       000000
__Ltext12                                   text12       000000
__Ltext13                                   text13       000000
__Ltext14                                   text14       000000
__Ltext15                                   text15       000000
__Ltext16                                   text16       000000
__Ltext17                                   text17       000000
__Ltext18                                   text18       000000
__Ltext19                                   text19       000000
__Ltext2                                    text2        000000
__Ltext20                                   text20       000000
__Ltext21                                   text21       000000
__Ltext22                                   text22       000000
__Ltext23                                   text23       000000
__Ltext24                                   text24       000000
__Ltext25                                   text25       000000
__Ltext26                                   text26       000000
__Ltext27                                   text27       000000
__Ltext28                                   text28       000000
__Ltext29                                   text29       000000
__Ltext3                                    text3        000000
__Ltext30                                   text30       000000
__Ltext31                                   text31       000000
__Ltext32                                   text32       000000
__Ltext33                                   text33       000000
__Ltext34                                   text34       000000
__Ltext35                                   text35       000000
__Ltext36                                   text36       000000
__Ltext37                                   text37       000000
__Ltext38                                   text38       000000
__Ltext39                                   text39       000000
__Ltext4                                    text4        000000
__Ltext40                                   text40       000000
__Ltext41                                   text41       000000
__Ltext42                                   text42       000000
__Ltext43                                   text43       000000
__Ltext44                                   text44       000000
__Ltext45                                   text45       000000
__Ltext46                                   text46       000000
__Ltext47                                   text47       000000
__Ltext48                                   text48       000000
__Ltext49                                   text49       000000
__Ltext5                                    text5        000000
__Ltext50                                   text50       000000
__Ltext51                                   text51       000000
__Ltext52                                   text52       000000
__Ltext53                                   text53       000000
__Ltext54                                   text54       000000
__Ltext55                                   text55       000000
__Ltext56                                   text56       000000
__Ltext57                                   text57       000000
__Ltext58                                   text58       000000
__Ltext59                                   text59       000000
__Ltext6                                    text6        000000
__Ltext60                                   text60       000000
__Ltext61                                   text61       000000
__Ltext62                                   text62       000000
__Ltext64                                   text64       000000
__Ltext65                                   text65       000000
__Ltext66                                   text66       000000
__Ltext67                                   text67       000000
__Ltext68                                   text68       000000
__Ltext69                                   text69       000000
__Ltext7                                    text7        000000
__Ltext70                                   text70       000000
__Ltext71                                   text71       000000
__Ltext72                                   text72       000000
__Ltext73                                   text73       000000
__Ltext74                                   text74       000000
__Ltext75                                   text75       000000
__Ltext76                                   text76       000000
__Ltext77                                   text77       000000
__Ltext78                                   text78       000000
__Ltext79                                   text79       000000
__Ltext8                                    text8        000000
__Ltext80                                   text80       000000
__Ltext81                                   text81       000000
__Ltext82                                   text82       000000
__Ltext83                                   text83       000000
__Ltext84                                   text84       000000
__Ltext85                                   text85       000000
__Ltext86                                   text86       000000
__Ltext87                                   text87       000000
__Ltext88                                   text88       000000
__Ltext89                                   text89       000000
__Ltext9                                    text9        000000
__Ltext90                                   text90       000000
__Ltext91                                   text91       000000
__Ltext93                                   text93       000000
__Ltext94                                   text94       000000
__Ltext95                                   text95       000000
__Ltext96                                   text96       000000
__S0                                        (abs)        008000
__S1                                        (abs)        0001BD
__S2                                        (abs)        000000
__S4                                        (abs)        000000
__S5                                        (abs)        000000
___aodiv                                    text48       0019E4
___aodiv@counter                            cstackBANK0  000070
___aodiv@dividend                           cstackBANK0  000060
___aodiv@divisor                            cstackBANK0  000068
___aodiv@quotient                           cstackBANK0  000072
___aodiv@sign                               cstackBANK0  000071
___aomod                                    text47       001FC8
___aomod@counter                            cstackBANK0  000070
___aomod@dividend                           cstackBANK0  000060
___aomod@divisor                            cstackBANK0  000068
___aomod@sign                               cstackBANK0  000071
___inthi_sp                                 stack        000000
___intlo_sp                                 stack        000000
___lodiv                                    text37       003994
___lodiv@counter                            cstackBANK0  000078
___lodiv@dividend                           cstackBANK0  000060
___lodiv@divisor                            cstackBANK0  000068
___lodiv@quotient                           cstackBANK0  000070
___lomod                                    text36       003E32
___lomod@counter                            cstackBANK0  000070
___lomod@dividend                           cstackBANK0  000060
___lomod@divisor                            cstackBANK0  000068
___param_bank                               (abs)        000000
___rparam_used                              (abs)        000001
___sp                                       stack        000000
___wmul                                     text4        004EB8
___wmul@multiplicand                        cstackBANK0  000062
___wmul@multiplier                          cstackBANK0  000060
___wmul@product                             cstackBANK0  000064
__accesstop                                 (abs)        000060
__activetblptr                              (abs)        000002
__end_of_CDCInitEP                          text22       004880
__end_of_CDCTxService                       text50       0019E4
__end_of_INTERRUUPT_Init                    text61       00502E
__end_of_ISR_High_Priority                  intcode_body 004F58
__end_of_ISR_Low_Priority                   intcodelo    0000A6
__end_of_MillisISR                          text95       00503E
__end_of_Millis_Get                         text49       004EB8
__end_of_Millis_Init                        text59       00504C
__end_of_OSCILATOR_Init                     text58       005058
__end_of_PORT_Init                          text57       00506E
__end_of_TMR1_Clear_Flag_Ovf                text94       005072
__end_of_TMR1_Enable_Interrupt              text62       005006
__end_of_TMR1_ISR                           text93       005064
__end_of_TMR1_Initialize                    text60       004F7E
__end_of_Task1                              text30       004FA2
__end_of_Task2                              text31       004FC6
__end_of_Timer2_Initialize                  text56       00501A
__end_of_USBCheckCDCRequest                 text21       00369E
__end_of_USBCheckStdRequest                 text15       002F36
__end_of_USBConfigureEndpoint               text24       0041F2
__end_of_USBCtrlEPAllowDataStage            text14       00429E
__end_of_USBCtrlEPAllowStatusStage          text27       003B76
__end_of_USBCtrlEPService                   text10       004088
__end_of_USBCtrlEPServiceComplete           text13       002B94
__end_of_USBCtrlTrfInHandler                text28       003490
__end_of_USBCtrlTrfOutHandler               text25       004732
__end_of_USBCtrlTrfRxService                text26       0027D0
__end_of_USBCtrlTrfSetupHandler             text12       00451E
__end_of_USBCtrlTrfTxService                text29       003164
__end_of_USBDeviceAttach                    text55       004C98
__end_of_USBDeviceInit                      text53       002542
__end_of_USBDeviceTasks                     text5        00140C
__end_of_USBEnableEndpoint                  text23       004ACA
__end_of_USBIncrement1msInternalTimers      text9        004DCE
__end_of_USBStallHandler                    text8        004A16
__end_of_USBStdFeatureReqHandler            text19       000874
__end_of_USBStdGetDscHandler                text18       001FC8
__end_of_USBStdGetStatusHandler             text17       003382
__end_of_USBStdSetCfgHandler                text16       003994
__end_of_USBSuspend                         text7        004E62
__end_of_USBTransferOnePacket               text51       002912
__end_of_USBWakeFromSuspend                 text6        004D5C
__end_of_USB_CD_Ptr                         mediumconst  007ED5
__end_of_USB_SD_Ptr                         mediumconst  007ED3
__end_of_USER_USB_CALLBACK_EVENT_HANDLER    text20       004636
__end_of___aodiv                            text48       001B6E
__end_of___aomod                            text47       00212E
__end_of___lodiv                            text37       003A86
__end_of___lomod                            text36       003F04
__end_of___wmul                             text4        004EE0
__end_of__initialization                    cinit        004E26
__end_of_abs                                text46       004D1C
__end_of_configDescriptor1                  mediumconst  007F18
__end_of_device_dsc                         mediumconst  007F78
__end_of_dtoa                               text39       0011D8
__end_of_fputc                              text43       00448E
__end_of_fputs                              text42       004C52
__end_of_main                               text0        004952
__end_of_memcpy                             text11       004B1C
__end_of_memset                             text54       001CE6
__end_of_pad                                text40       003FCE
__end_of_printf                             text32       004F08
__end_of_putch                              text44       004F30
__end_of_putsUSBUSART                       text45       004816
__end_of_sd000                              mediumconst  007F7C
__end_of_sd001                              mediumconst  007F4C
__end_of_sd002                              mediumconst  007F66
__end_of_strcpy                             text2        004CDA
__end_of_strlen                             text41       004B6E
__end_of_strncmp                            text38       003E32
__end_of_utoa                               text35       001840
__end_of_vHardwareInit                      text52       004FE6
__end_of_vTaskStartScheduler                text3        000EF4
__end_of_vfpfcnvrt                          text34       0004FC
__end_of_vfprintf                           text33       0048EA
__end_of_xTaskCreate                        text1        002292
__end_ofi1_CDCInitEP                        text83       0049B6
__end_ofi1_USBCheckCDCRequest               text82       0038A2
__end_ofi1_USBCheckStdRequest               text75       003054
__end_ofi1_USBConfigureEndpoint             text86       0043F6
__end_ofi1_USBCtrlEPAllowDataStage          text74       00434A
__end_ofi1_USBCtrlEPAllowStatusStage        text89       003C66
__end_ofi1_USBCtrlEPService                 text70       004142
__end_ofi1_USBCtrlEPServiceComplete         text73       002CD4
__end_ofi1_USBCtrlTrfInHandler              text90       00359A
__end_ofi1_USBCtrlTrfOutHandler             text87       0047A6
__end_ofi1_USBCtrlTrfRxService              text88       002A54
__end_ofi1_USBCtrlTrfSetupHandler           text72       0045AC
__end_ofi1_USBCtrlTrfTxService              text91       003274
__end_ofi1_USBDeviceInit                    text69       00268C
__end_ofi1_USBDeviceTasks                   text64       00163A
__end_ofi1_USBEnableEndpoint                text85       004C0A
__end_ofi1_USBIncrement1msInternalTimers    text68       004E02
__end_ofi1_USBStallHandler                  text67       004A76
__end_ofi1_USBStdFeatureReqHandler          text80       000BC4
__end_ofi1_USBStdGetDscHandler              text79       0023F2
__end_ofi1_USBStdGetStatusHandler           text78       0037A0
__end_ofi1_USBStdSetCfgHandler              text76       003D52
__end_ofi1_USBSuspend                       text66       004E8E
__end_ofi1_USBTransferOnePacket             text84       002E12
__end_ofi1_USBWakeFromSuspend               text65       004D9A
__end_ofi1_USER_USB_CALLBACK_EVENT_HANDLER  text81       0046BE
__end_ofi1_memcpy                           text71       004BBE
__end_ofi1_memset                           text77       001E5C
__highPriority@TMR1$F1078                   bssBANK0     0000F9
__initialization                            cinit        004E02
__mediumconst                               mediumconst  007ECC
__pbssBANK0                                 bssBANK0     0000E7
__pbssBANK1                                 bssBANK1     000100
__pbssCOMRAM                                bssCOMRAM    000001
__pcinit                                    cinit        004E02
__pcstackBANK0                              cstackBANK0  000060
__pcstackBANK1                              cstackBANK1  000194
__pcstackCOMRAM                             cstackCOMRAM 00002E
__pintcode                                  intcode      000008
__pintcode_body                             intcode_body 004F30
__pintcodelo                                intcodelo    000018
__pmediumconst                              mediumconst  007ECC
__ptext0                                    text0        0048EA
__ptext1                                    text1        00212E
__ptext10                                   text10       003FCE
__ptext11                                   text11       004ACA
__ptext12                                   text12       00448E
__ptext13                                   text13       002A54
__ptext14                                   text14       0041F2
__ptext15                                   text15       002E12
__ptext16                                   text16       0038A2
__ptext17                                   text17       003274
__ptext18                                   text18       001E5C
__ptext19                                   text19       0004FC
__ptext2                                    text2        004C98
__ptext20                                   text20       0045AC
__ptext21                                   text21       00359A
__ptext22                                   text22       004816
__ptext23                                   text23       004A76
__ptext24                                   text24       004142
__ptext25                                   text25       0046BE
__ptext26                                   text26       00268C
__ptext27                                   text27       003A86
__ptext28                                   text28       003382
__ptext29                                   text29       003054
__ptext3                                    text3        000BC4
__ptext30                                   text30       004F7E
__ptext31                                   text31       004FA2
__ptext32                                   text32       004EE0
__ptext33                                   text33       004880
__ptext34                                   text34       0000AA
__ptext35                                   text35       00163A
__ptext36                                   text36       003E32
__ptext37                                   text37       003994
__ptext38                                   text38       003D52
__ptext39                                   text39       000EF4
__ptext4                                    text4        004EB8
__ptext40                                   text40       003F04
__ptext41                                   text41       004B1C
__ptext42                                   text42       004C0A
__ptext43                                   text43       0043F6
__ptext44                                   text44       004F08
__ptext45                                   text45       0047A6
__ptext46                                   text46       004CDA
__ptext47                                   text47       001FC8
__ptext48                                   text48       0019E4
__ptext49                                   text49       004E8E
__ptext5                                    text5        0011D8
__ptext50                                   text50       001840
__ptext51                                   text51       0027D0
__ptext52                                   text52       004FC6
__ptext53                                   text53       0023F2
__ptext54                                   text54       001B6E
__ptext55                                   text55       004C52
__ptext56                                   text56       005006
__ptext57                                   text57       005064
__ptext58                                   text58       00504C
__ptext59                                   text59       00503E
__ptext6                                    text6        004D1C
__ptext60                                   text60       004F58
__ptext61                                   text61       00501A
__ptext62                                   text62       004FE6
__ptext64                                   text64       00140C
__ptext65                                   text65       004D5C
__ptext66                                   text66       004E62
__ptext67                                   text67       004A16
__ptext68                                   text68       004DCE
__ptext69                                   text69       002542
__ptext7                                    text7        004E34
__ptext70                                   text70       004088
__ptext71                                   text71       004B6E
__ptext72                                   text72       00451E
__ptext73                                   text73       002B94
__ptext74                                   text74       00429E
__ptext75                                   text75       002F36
__ptext76                                   text76       003C66
__ptext77                                   text77       001CE6
__ptext78                                   text78       00369E
__ptext79                                   text79       002292
__ptext8                                    text8        0049B6
__ptext80                                   text80       000874
__ptext81                                   text81       004636
__ptext82                                   text82       0037A0
__ptext83                                   text83       004952
__ptext84                                   text84       002CD4
__ptext85                                   text85       004BBE
__ptext86                                   text86       00434A
__ptext87                                   text87       004732
__ptext88                                   text88       002912
__ptext89                                   text89       003B76
__ptext9                                    text9        004D9A
__ptext90                                   text90       003490
__ptext91                                   text91       003164
__ptext93                                   text93       005058
__ptext94                                   text94       00506E
__ptext95                                   text95       00502E
__ptext96                                   text96       000000
__ramtop                                    ramtop       000800
__size_of_CDCInitEP                         (abs)        000000
__size_of_CDCTxService                      (abs)        000000
__size_of_INTERRUUPT_Init                   (abs)        000000
__size_of_ISR_High_Priority                 (abs)        000000
__size_of_ISR_Low_Priority                  (abs)        000000
__size_of_MillisISR                         (abs)        000000
__size_of_Millis_Get                        (abs)        000000
__size_of_Millis_Init                       (abs)        000000
__size_of_OSCILATOR_Init                    (abs)        000000
__size_of_PORT_Init                         (abs)        000000
__size_of_TMR1_Clear_Flag_Ovf               (abs)        000000
__size_of_TMR1_Enable_Interrupt             (abs)        000000
__size_of_TMR1_ISR                          (abs)        000000
__size_of_TMR1_Initialize                   (abs)        000000
__size_of_Task1                             (abs)        000000
__size_of_Task2                             (abs)        000000
__size_of_Timer2_Initialize                 (abs)        000000
__size_of_USBCheckCDCRequest                (abs)        000000
__size_of_USBCheckStdRequest                (abs)        000000
__size_of_USBConfigureEndpoint              (abs)        000000
__size_of_USBCtrlEPAllowDataStage           (abs)        000000
__size_of_USBCtrlEPAllowStatusStage         (abs)        000000
__size_of_USBCtrlEPService                  (abs)        000000
__size_of_USBCtrlEPServiceComplete          (abs)        000000
__size_of_USBCtrlTrfInHandler               (abs)        000000
__size_of_USBCtrlTrfOutHandler              (abs)        000000
__size_of_USBCtrlTrfRxService               (abs)        000000
__size_of_USBCtrlTrfSetupHandler            (abs)        000000
__size_of_USBCtrlTrfTxService               (abs)        000000
__size_of_USBDeviceAttach                   (abs)        000000
__size_of_USBDeviceInit                     (abs)        000000
__size_of_USBDeviceTasks                    (abs)        000000
__size_of_USBEnableEndpoint                 (abs)        000000
__size_of_USBIncrement1msInternalTimers     (abs)        000000
__size_of_USBStallHandler                   (abs)        000000
__size_of_USBStdFeatureReqHandler           (abs)        000000
__size_of_USBStdGetDscHandler               (abs)        000000
__size_of_USBStdGetStatusHandler            (abs)        000000
__size_of_USBStdSetCfgHandler               (abs)        000000
__size_of_USBSuspend                        (abs)        000000
__size_of_USBTransferOnePacket              (abs)        000000
__size_of_USBWakeFromSuspend                (abs)        000000
__size_of_USER_USB_CALLBACK_EVENT_HANDLER   (abs)        000000
__size_of___aodiv                           (abs)        000000
__size_of___aomod                           (abs)        000000
__size_of___lodiv                           (abs)        000000
__size_of___lomod                           (abs)        000000
__size_of___wmul                            (abs)        000000
__size_of_abs                               (abs)        000000
__size_of_dtoa                              (abs)        000000
__size_of_fputc                             (abs)        000000
__size_of_fputs                             (abs)        000000
__size_of_main                              (abs)        000000
__size_of_memcpy                            (abs)        000000
__size_of_memset                            (abs)        000000
__size_of_pad                               (abs)        000000
__size_of_printf                            (abs)        000000
__size_of_putch                             (abs)        000000
__size_of_putsUSBUSART                      (abs)        000000
__size_of_strcpy                            (abs)        000000
__size_of_strlen                            (abs)        000000
__size_of_strncmp                           (abs)        000000
__size_of_utoa                              (abs)        000000
__size_of_vHardwareInit                     (abs)        000000
__size_of_vTaskStartScheduler               (abs)        000000
__size_of_vfpfcnvrt                         (abs)        000000
__size_of_vfprintf                          (abs)        000000
__size_of_xTaskCreate                       (abs)        000000
__size_ofi1_CDCInitEP                       (abs)        000000
__size_ofi1_USBCheckCDCRequest              (abs)        000000
__size_ofi1_USBCheckStdRequest              (abs)        000000
__size_ofi1_USBConfigureEndpoint            (abs)        000000
__size_ofi1_USBCtrlEPAllowDataStage         (abs)        000000
__size_ofi1_USBCtrlEPAllowStatusStage       (abs)        000000
__size_ofi1_USBCtrlEPService                (abs)        000000
__size_ofi1_USBCtrlEPServiceComplete        (abs)        000000
__size_ofi1_USBCtrlTrfInHandler             (abs)        000000
__size_ofi1_USBCtrlTrfOutHandler            (abs)        000000
__size_ofi1_USBCtrlTrfRxService             (abs)        000000
__size_ofi1_USBCtrlTrfSetupHandler          (abs)        000000
__size_ofi1_USBCtrlTrfTxService             (abs)        000000
__size_ofi1_USBDeviceInit                   (abs)        000000
__size_ofi1_USBDeviceTasks                  (abs)        000000
__size_ofi1_USBEnableEndpoint               (abs)        000000
__size_ofi1_USBIncrement1msInternalTimers   (abs)        000000
__size_ofi1_USBStallHandler                 (abs)        000000
__size_ofi1_USBStdFeatureReqHandler         (abs)        000000
__size_ofi1_USBStdGetDscHandler             (abs)        000000
__size_ofi1_USBStdGetStatusHandler          (abs)        000000
__size_ofi1_USBStdSetCfgHandler             (abs)        000000
__size_ofi1_USBSuspend                      (abs)        000000
__size_ofi1_USBTransferOnePacket            (abs)        000000
__size_ofi1_USBWakeFromSuspend              (abs)        000000
__size_ofi1_USER_USB_CALLBACK_EVENT_HANDLER (abs)        000000
__size_ofi1_memcpy                          (abs)        000000
__size_ofi1_memset                          (abs)        000000
__smallconst                                smallconst   000000
_abs                                        text46       004CDA
_cdc_data_rx                                (abs)        000540
_cdc_data_tx                                (abs)        000500
_cdc_mem_type                               bssBANK0     0000F5
_cdc_notice                                 bssBANK1     000100
_cdc_rx_len                                 bssCOMRAM    000021
_cdc_trf_state                              bssCOMRAM    00002D
_cdc_tx_len                                 bssBANK0     0000F6
_configDescriptor1                          mediumconst  007ED5
_controlTransferState                       bssCOMRAM    00002B
_control_signal_bitmap                      bssBANK1     00012C
_dbuf                                       bssBANK1     000165
_device_dsc                                 mediumconst  007F66
_dtoa                                       text39       000EF4
_dtoa$3822                                  cstackBANK0  000094
_dummy_encapsulated_cmd_response            bssBANK1     000185
_endpoint_number                            bssBANK0     0000F8
_ep_data_in                                 bssCOMRAM    000018
_ep_data_out                                bssCOMRAM    000015
_flags                                      bssBANK0     0000EF
_fputc                                      text43       0043F6
_fputs                                      text42       004C0A
_inPipes                                    bssCOMRAM    000009
_line_coding                                bssBANK1     00018D
_main                                       text0        0048EA
_memcpy                                     text11       004ACA
_memset                                     text54       001B6E
_milliseconds                               bssBANK1     00011E
_milliseconds@millis$F1183                  bssBANK1     000112
_milliseconds@millis$F546                   bssBANK1     00011A
_milliseconds@millis$F785                   bssBANK1     000116
_nout                                       bssBANK1     000128
[...]
_putsUSBUSART                               text45       0047A6
_sd000                                      mediumconst  007F78
_sd001                                      mediumconst  007F18
_sd002                                      mediumconst  007F4C
_shortPacketStatus                          bssCOMRAM    00002C
_strcpy                                     text2        004C98
_strlen                                     text41       004B1C
_strncmp                                    text38       003D52
_taskList                                   bssBANK1     000131
_utoa                                       text35       00163A
_vHardwareInit                              text52       004FC6
_vTaskStartScheduler                        text3        000BC4
_vfpfcnvrt                                  text34       0000AA
_vfprintf                                   text33       004880
_width                                      bssBANK1     00012A
_xTaskCreate                                text1        00212E
abs@a                                       cstackBANK0  000072
btemp                                       temp         00005A
dtoa@d                                      cstackBANK0  000084
dtoa@fp                                     cstackBANK0  000082
dtoa@i                                      cstackBANK0  0000A4
dtoa@n                                      cstackBANK0  00009C
dtoa@p                                      cstackBANK0  000096
dtoa@s                                      cstackBANK0  00009A
dtoa@w                                      cstackBANK0  000098
end_of_initialization                       cinit        004E26
fputc@c                                     cstackBANK0  000067
fputc@fp                                    cstackBANK0  000069
fputs@c                                     cstackBANK0  000074
fputs@fp                                    cstackBANK0  000072
fputs@i                                     cstackBANK0  000075
fputs@s                                     cstackBANK0  000070
i1USBConfigureEndpoint@EPNum                cstackCOMRAM 000033
i1USBConfigureEndpoint@direction            cstackCOMRAM 00002E
i1USBConfigureEndpoint@handle               cstackCOMRAM 000034
i1USBCtrlTrfInHandler@lastDTS               cstackCOMRAM 00002F
i1USBCtrlTrfRxService@byteToRead            cstackCOMRAM 00002F
i1USBCtrlTrfRxService@i                     cstackCOMRAM 00002E
i1USBCtrlTrfTxService@byteToSend            cstackCOMRAM 00002E
i1USBDeviceInit@i                           cstackCOMRAM 00003A
i1USBDeviceTasks@i                          cstackCOMRAM 00004C
i1USBEnableEndpoint@ep                      cstackCOMRAM 000039
i1USBEnableEndpoint@options                 cstackCOMRAM 000036
i1USBEnableEndpoint@p                       cstackCOMRAM 000037
i1USBStdFeatureReqHandler@current_ep_data   cstackCOMRAM 000046
i1USBStdFeatureReqHandler@p                 cstackCOMRAM 000047
i1USBStdFeatureReqHandler@pUEP              cstackCOMRAM 000044
i1USBStdGetStatusHandler@p                  cstackCOMRAM 000030
i1USBStdSetCfgHandler@i                     cstackCOMRAM 000042
i1USBTransferOnePacket@data                 cstackCOMRAM 00002F
i1USBTransferOnePacket@dir                  cstackCOMRAM 00002E
i1USBTransferOnePacket@ep                   cstackCOMRAM 000036
i1USBTransferOnePacket@handle               cstackCOMRAM 000037
i1USBTransferOnePacket@len                  cstackCOMRAM 000031
i1USER_USB_CALLBACK_EVENT_HANDLER@event     cstackCOMRAM 00003A
i1USER_USB_CALLBACK_EVENT_HANDLER@pdata     cstackCOMRAM 00003C
i1USER_USB_CALLBACK_EVENT_HANDLER@size      cstackCOMRAM 00003E
i1_CDCInitEP                                text83       004952
i1_USBCheckCDCRequest                       text82       0037A0
i1_USBCheckStdRequest                       text75       002F36
i1_USBConfigureEndpoint                     text86       00434A
i1_USBCtrlEPAllowDataStage                  text74       00429E
i1_USBCtrlEPAllowStatusStage                text89       003B76
i1_USBCtrlEPService                         text70       004088
i1_USBCtrlEPServiceComplete                 text73       002B94
i1_USBCtrlTrfInHandler                      text90       003490
i1_USBCtrlTrfOutHandler                     text87       004732
i1_USBCtrlTrfRxService                      text88       002912
i1_USBCtrlTrfSetupHandler                   text72       00451E
i1_USBCtrlTrfTxService                      text91       003164
i1_USBDeviceInit                            text69       002542
i1_USBDeviceTasks                           text64       00140C
i1_USBEnableEndpoint                        text85       004BBE
i1_USBIncrement1msInternalTimers            text68       004DCE
i1_USBStallHandler                          text67       004A16
i1_USBStdFeatureReqHandler                  text80       000874
i1_USBStdGetDscHandler                      text79       002292
i1_USBStdGetStatusHandler                   text78       00369E
i1_USBStdSetCfgHandler                      text76       003C66
i1_USBSuspend                               text66       004E62
i1_USBTransferOnePacket                     text84       002CD4
i1_USBWakeFromSuspend                       text65       004D5C
i1_USER_USB_CALLBACK_EVENT_HANDLER          text81       004636
i1_memcpy                                   text71       004B6E
i1_memset                                   text77       001CE6
i1memcpy@d                                  cstackCOMRAM 000034
i1memcpy@d1                                 cstackCOMRAM 00002E
i1memcpy@n                                  cstackCOMRAM 000032
i1memcpy@s                                  cstackCOMRAM 000036
i1memcpy@s1                                 cstackCOMRAM 000030
i1memcpy@tmp                                cstackCOMRAM 000038
i1memset@c                                  cstackCOMRAM 000030
i1memset@dest                               cstackCOMRAM 00002E
i1memset@k                                  cstackCOMRAM 000036
i1memset@n                                  cstackCOMRAM 000032
i1memset@s                                  cstackCOMRAM 000038
int$flags                                   temp         00005A
int_func                                    intcode_body 004F30
intlevel0                                   text         000000
intlevel1                                   text         000000
intlevel2                                   text         000000
intlevel3                                   text         000000
isa$std                                     (abs)        000001
isa$xinst                                   (abs)        000000
memcpy@d                                    cstackBANK0  000067
memcpy@d1                                   cstackBANK0  000060
memcpy@n                                    cstackBANK0  000064
memcpy@s                                    cstackBANK0  000069
memcpy@s1                                   cstackBANK0  000062
memcpy@tmp                                  cstackBANK0  000066
memset@c                                    cstackBANK0  000062
memset@dest                                 cstackBANK0  000060
memset@k                                    cstackBANK0  000068
memset@n                                    cstackBANK0  000064
memset@s                                    cstackBANK0  00006A
pad@buf                                     cstackBANK0  000079
pad@fp                                      cstackBANK0  000077
pad@i                                       cstackBANK0  00007E
pad@p                                       cstackBANK0  00007B
pad@w                                       cstackBANK0  000080
printf@ap                                   cstackBANK0  0000D8
printf@fmt                                  cstackBANK0  0000D2
putch@c                                     cstackBANK0  000065
putch@ch                                    cstackBANK0  000066
putsUSBUSART@data                           cstackBANK0  000060
putsUSBUSART@len                            cstackBANK0  000064
putsUSBUSART@pData                          cstackBANK0  000062
stackhi                                     (abs)        0007FF
stacklo                                     (abs)        000580
start                                       init         0000A6
start_initialization                        cinit        004E02
strcpy@d                                    cstackBANK0  000066
strcpy@dest                                 cstackBANK0  000060
strcpy@s                                    cstackBANK0  000064
strcpy@src                                  cstackBANK0  000062
strlen@a                                    cstackBANK0  000062
strlen@s                                    cstackBANK0  000060
strncmp@_l                                  cstackBANK0  000060
strncmp@_r                                  cstackBANK0  000062
strncmp@l                                   cstackBANK0  000067
strncmp@n                                   cstackBANK0  000064
strncmp@r                                   cstackBANK0  000069
ttemp5                                      temp         00005B
ttemp6                                      temp         00005E
ttemp7                                      temp         000062
utoa@d                                      cstackBANK0  000084
utoa@fp                                     cstackBANK0  000082
utoa@i                                      cstackBANK0  0000A0
utoa@n                                      cstackBANK0  000098
utoa@p                                      cstackBANK0  000094
utoa@w                                      cstackBANK0  000096
vTaskStartScheduler@i                       cstackBANK1  0001B6
vTaskStartScheduler@j                       cstackBANK1  0001B4
vTaskStartScheduler@k                       cstackBANK1  0001B2
vTaskStartScheduler@length                  cstackBANK1  0001B0
vTaskStartScheduler@pvTask                  cstackBANK1  0001AE
vTaskStartScheduler@temp                    cstackBANK1  000194
vfpfcnvrt@ap                                cstackBANK0  0000AA
vfpfcnvrt@fmt                               cstackBANK0  0000A8
vfpfcnvrt@fp                                cstackBANK0  0000A6
vfpfcnvrt@ll                                cstackBANK0  0000BA
vfpfcnvrt@llu                               cstackBANK0  0000C2
vfprintf@ap                                 cstackBANK0  0000CE
vfprintf@cfmt                               cstackBANK0  0000D0
vfprintf@fmt                                cstackBANK0  0000CC
vfprintf@fp                                 cstackBANK0  0000CA
wtemp8                                      temp         00005B
xTaskCreate@i                               cstackBANK0  0000E6
xTaskCreate@pcName                          cstackBANK0  0000DA
xTaskCreate@pvTaskCode                      cstackBANK0  0000E2
xTaskCreate@pvTaskRateMs                    cstackBANK0  0000DE
xTaskCreate@xPriority                       cstackBANK0  0000DC


MODULE INFORMATION

Module		Function		Class		Link	Load	Size
C:\Program Files\Microchip\xc8\v2.32\pic\sources\c99\common\memset.c
		_memset        		CODE           	1B6E	0000	376

C:\Program Files\Microchip\xc8\v2.32\pic\sources\c99\common\memset.c estimated size: 376

TMR1.c
		_TMR1_Initialize		CODE           	4F58	0000	38
		_TMR1_Enable_Interrupt		CODE           	4FE6	0000	32
		_TMR1_Clear_Flag_Ovf		CODE           	506E	0000	4
		_TMR1_ISR      		CODE           	5058	0000	12

TMR1.c estimated size: 86

C:\Program Files\Microchip\xc8\v2.32\pic\sources\c99\common\doprnt.c
		_vfpfcnvrt     		CODE           	00AA	0000	1106
		_pad           		CODE           	3F04	0000	202
		_dtoa          		CODE           	0EF4	0000	740
		_vfprintf      		CODE           	4880	0000	106
		_utoa          		CODE           	163A	0000	518

C:\Program Files\Microchip\xc8\v2.32\pic\sources\c99\common\doprnt.c estimated size: 2672

millis.c
		_Millis_Get    		CODE           	4E8E	0000	42
		_Millis_Init   		CODE           	503E	0000	14
		_MillisISR     		CODE           	502E	0000	16

millis.c estimated size: 72

C:\Program Files\Microchip\xc8\v2.32\pic\sources\c99\common\lomod.c
		___lomod       		CODE           	3E32	0000	210

C:\Program Files\Microchip\xc8\v2.32\pic\sources\c99\common\lomod.c estimated size: 210

ConfBits_RealBoardPLL.c
		_OSCILATOR_Init		CODE           	504C	0000	12

ConfBits_RealBoardPLL.c estimated size: 12

C:\Program Files\Microchip\xc8\v2.32\pic\sources\c99\common\memcpy.c
		_memcpy        		CODE           	4ACA	0000	82

C:\Program Files\Microchip\xc8\v2.32\pic\sources\c99\common\memcpy.c estimated size: 82

C:\Program Files\Microchip\xc8\v2.32\pic\sources\c99\common\nf_fputs.c
		_fputs         		CODE           	4C0A	0000	72

C:\Program Files\Microchip\xc8\v2.32\pic\sources\c99\common\nf_fputs.c estimated size: 72

C:\Program Files\Microchip\xc8\v2.32\pic\sources\c99\common\Umul16.c
		___wmul        		CODE           	4EB8	0000	40

C:\Program Files\Microchip\xc8\v2.32\pic\sources\c99\common\Umul16.c estimated size: 40

mcc_generated_files/usb/usb_device_cdc.c
		_CDCTxService  		CODE           	1840	0000	420
		_CDCInitEP     		CODE           	4816	0000	106
		_putsUSBUSART  		CODE           	47A6	0000	112
		_USBCheckCDCRequest		CODE           	359A	0000	260

mcc_generated_files/usb/usb_device_cdc.c estimated size: 898

C:\Program Files\Microchip\xc8\v2.32\pic\sources\c99\common\abs.c
		_abs           		CODE           	4CDA	0000	66

C:\Program Files\Microchip\xc8\v2.32\pic\sources\c99\common\abs.c estimated size: 66

C:\Program Files\Microchip\xc8\v2.32\pic\sources\c99\common\aomod.c
		___aomod       		CODE           	1FC8	0000	358

C:\Program Files\Microchip\xc8\v2.32\pic\sources\c99\common\aomod.c estimated size: 358

TMR2.c
		_Timer2_Initialize		CODE           	5006	0000	20

TMR2.c estimated size: 20

C:\Program Files\Microchip\xc8\v2.32\pic\sources\c99\common\lodiv.c
		___lodiv       		CODE           	3994	0000	242

C:\Program Files\Microchip\xc8\v2.32\pic\sources\c99\common\lodiv.c estimated size: 242

C:\Program Files\Microchip\xc8\v2.32\pic\sources\c99\common\strncmp.c
		_strncmp       		CODE           	3D52	0000	224

C:\Program Files\Microchip\xc8\v2.32\pic\sources\c99\common\strncmp.c estimated size: 224

shared
		i1_USBIncrement1msInternalTimers		CODE           	4DCE	0000	52
		_configDescriptor1		MEDIUMCONST    	7ED5	0000	67
		_USB_CD_Ptr    		MEDIUMCONST    	7ED3	0000	2
		_sd001         		MEDIUMCONST    	7F18	0000	52
		i1_USBCtrlEPService		CODE           	4088	0000	186
		i1_USBCtrlEPServiceComplete		CODE           	2B94	0000	320
		i1_USBCtrlTrfSetupHandler		CODE           	451E	0000	142
		i1_USBCtrlEPAllowStatusStage		CODE           	3B76	0000	240
		_sd002         		MEDIUMCONST    	7F4C	0000	26
		i1_USBCtrlTrfOutHandler		CODE           	4732	0000	116
		i1_USBDeviceInit		CODE           	2542	0000	330
		i1_USBWakeFromSuspend		CODE           	4D5C	0000	62
		i1_USBConfigureEndpoint		CODE           	434A	0000	172
		i1_USBStdSetCfgHandler		CODE           	3C66	0000	236
		i1_USBStdGetDscHandler		CODE           	2292	0000	352
		__initialization		CODE           	4E02	0000	36
		i1_USBStallHandler		CODE           	4A16	0000	96
		_device_dsc    		MEDIUMCONST    	7F66	0000	18
		i1_USBStdGetStatusHandler		CODE           	369E	0000	258
		i1_CDCInitEP   		CODE           	4952	0000	100
		i1_USER_USB_CALLBACK_EVENT_HANDLER		CODE           	4636	0000	136
		i1_USBStdFeatureReqHandler		CODE           	0874	0000	848
		_USB_SD_Ptr    		MEDIUMCONST    	7ECD	0000	6
		i1_memset      		CODE           	1CE6	0000	374
		i1_USBCheckCDCRequest		CODE           	37A0	0000	258
		i1_USBEnableEndpoint		CODE           	4BBE	0000	76
		i1_USBDeviceTasks		CODE           	140C	0000	558
		i1_USBCtrlTrfRxService		CODE           	2912	0000	322
		_sd000         		MEDIUMCONST    	7F78	0000	4
		i1_USBCtrlTrfTxService		CODE           	3164	0000	272
		i1_USBCheckStdRequest		CODE           	2F36	0000	286
		i1_memcpy      		CODE           	4B6E	0000	80
		i1_USBTransferOnePacket		CODE           	2CD4	0000	318
		i1_USBCtrlTrfInHandler		CODE           	3490	0000	266
		i1_USBSuspend  		CODE           	4E62	0000	44
		i1_USBCtrlEPAllowDataStage		CODE           	429E	0000	172

shared estimated size: 6883

mcc_generated_files/usb/usb_device_events.c
		_USER_USB_CALLBACK_EVENT_HANDLER		CODE           	45AC	0000	138

mcc_generated_files/usb/usb_device_events.c estimated size: 138

RTOS.c
		_xTaskCreate   		CODE           	212E	0000	356
		_putch         		CODE           	4F08	0000	40
		_vTaskStartScheduler		CODE           	0BC4	0000	816
		_PORT_Init     		CODE           	5064	0000	10
		_vHardwareInit 		CODE           	4FC6	0000	32

RTOS.c estimated size: 1254

C:\Program Files\Microchip\xc8\v2.32\pic\sources\c99\common\printf.c
		_printf        		CODE           	4EE0	0000	40

C:\Program Files\Microchip\xc8\v2.32\pic\sources\c99\common\printf.c estimated size: 40

C:\Program Files\Microchip\xc8\v2.32\pic\sources\c99\common\nf_fputc.c
		_fputc         		CODE           	43F6	0000	152

C:\Program Files\Microchip\xc8\v2.32\pic\sources\c99\common\nf_fputc.c estimated size: 152

C:\Program Files\Microchip\xc8\v2.32\pic\sources\c99\common\aodiv.c
		___aodiv       		CODE           	19E4	0000	394

C:\Program Files\Microchip\xc8\v2.32\pic\sources\c99\common\aodiv.c estimated size: 394

main.c
		_main          		CODE           	48EA	0000	104
		_Task1         		CODE           	4F7E	0000	36
		_Task2         		CODE           	4FA2	0000	36

main.c estimated size: 176

C:\Program Files\Microchip\xc8\v2.32\pic\sources\c99\common\strlen.c
		_strlen        		CODE           	4B1C	0000	82

C:\Program Files\Microchip\xc8\v2.32\pic\sources\c99\common\strlen.c estimated size: 82

INTERRUPT_Controller.c
		_ISR_High_Priority		CODE           	0008	0000	46
		_INTERRUUPT_Init		CODE           	501A	0000	20
		_ISR_Low_Priority		CODE           	0018	0000	142

INTERRUPT_Controller.c estimated size: 208

mcc_generated_files/usb/usb_device.c
		_USBCtrlTrfInHandler		CODE           	3382	0000	270
		_USBTransferOnePacket		CODE           	27D0	0000	322
		_USBDeviceAttach		CODE           	4C52	0000	70
		_USBStdGetDscHandler		CODE           	1E5C	0000	364
		_USBCtrlEPAllowDataStage		CODE           	41F2	0000	172
		_USBStdFeatureReqHandler		CODE           	04FC	0000	888
		_USBCtrlEPAllowStatusStage		CODE           	3A86	0000	240
		_USBCtrlTrfSetupHandler		CODE           	448E	0000	144
		_USBCtrlTrfOutHandler		CODE           	46BE	0000	116
		_USBCtrlEPServiceComplete		CODE           	2A54	0000	320
		_USBSuspend    		CODE           	4E34	0000	46
		_USBStdSetCfgHandler		CODE           	38A2	0000	242
		_USBStdGetStatusHandler		CODE           	3274	0000	270
		_USBWakeFromSuspend		CODE           	4D1C	0000	64
		_USBCtrlTrfRxService		CODE           	268C	0000	324
		_USBCtrlTrfTxService		CODE           	3054	0000	272
		_USBEnableEndpoint		CODE           	4A76	0000	84
		_USBConfigureEndpoint		CODE           	4142	0000	176
		_USBDeviceInit 		CODE           	23F2	0000	336
		_USBIncrement1msInternalTimers		CODE           	4D9A	0000	52
		_USBCtrlEPService		CODE           	3FCE	0000	186
		_USBStallHandler		CODE           	49B6	0000	96
		_USBDeviceTasks		CODE           	11D8	0000	564
		_USBCheckStdRequest		CODE           	2E12	0000	292

mcc_generated_files/usb/usb_device.c estimated size: 5910

C:\Program Files\Microchip\xc8\v2.32\pic\sources\c99\common\strcpy.c
		_strcpy        		CODE           	4C98	0000	66

C:\Program Files\Microchip\xc8\v2.32\pic\sources\c99\common\strcpy.c estimated size: 66

