Microchip MPLAB XC8 Compiler V2.32

Linker command line:

-W-3 --edf=C:\Program Files\Microchip\xc8\v2.32\pic\dat\en_msgs.txt -cn \
  -h+dist/default/production\USB_CDC_Lab.X.production.sym \
  --cmf=dist/default/production\USB_CDC_Lab.X.production.cmf -z -Q18F45K50 \
  -oC:\Users\CURSOS\AppData\Local\Temp\xcAsh94.4 --defsym=__MPLAB_BUILD=1 \
  -Mdist/default/production/USB_CDC_Lab.X.production.map -E1 \
  -ver=XC8 Compiler --acfsm=1493 -ASTACK=0580h-07FFh -pstack=STACK \
  -ACODE=00h-07FFFh -ACONST=00h-07FFFh -ASMALLCONST=0800h-08FFhx120 \
  -AMEDIUMCONST=0800h-07FFFh -ACOMRAM=01h-05Fh -AABS1=00h-07FFh \
  -ABIGRAM=01h-07FFh -ARAM=060h-0FFh,0100h-01FFhx7 -ABANK0=060h-0FFh \
  -ABANK1=0100h-01FFh -ABANK2=0200h-02FFh -ABANK3=0300h-03FFh \
  -ABANK4=0400h-04FFh -ABANK5=0500h-05FFh -ABANK6=0600h-06FFh \
  -ABANK7=0700h-07FFh -ASFR=0F53h-0F5Fh,0F60h-0FFFh \
  -ACONFIG=0300000h-030000Dh -AIDLOC=0200000h-0200007h \
  -AEEDATA=0F00000h-0F000FFh -peeprom_data=EEDATA \
  -preset_vec=00h,intcode=08h,intcodelo=018h,powerup,init -pramtop=0800h \
  -psmallconst=SMALLCONST -pmediumconst=MEDIUMCONST -pconst=CONST \
  -AFARRAM=00h-00h \
  -prdata=COMRAM,nvrram=COMRAM,nvbit=COMRAM,rbss=COMRAM,rbit=COMRAM \
  -pfarbss=FARRAM,fardata=FARRAM,nvFARRAM=FARRAM \
  -pintsave_regs=BIGRAM,bigbss=BIGRAM,bigdata=BIGRAM -pbss=RAM \
  -pidata=CODE,irdata=CODE,ibigdata=CODE,ifardata=CODE -prparam=COMRAM \
  C:\Users\CURSOS\AppData\Local\Temp\xcAsh94.o \
  dist/default/production\USB_CDC_Lab.X.production.o 

Object code version is 3.11

Machine type is 18F45K50



                Name                               Link     Load   Length Selector   Space Scale
C:\Users\CURSOS\AppData\Local\Temp\xcAsh94.o
                idloc                            200000   200000        8        0       5
                config                           300000   300000        E        0       4
                init                                 A6       A6        4        C       0
                reset_vec                             0        0        4        0       0
dist/default/production\USB_CDC_Lab.X.production.o
                intcodelo                            18       18       8E        C       0
                intcode                               8        8        6        4       0
                idloc                            200000   200000        8        0       5
                config                           300000   300000        E        0       4
                temp                                 5A       5A        1        1       1
                mediumconst                        7ECC     7ECC      134     3F66       0
                text97                             508C     508C       10        C       0
                text96                             50CC     50CC        4        C       0
                text95                             50B6     50B6        C        C       0
                intcode_body                       4F94     4F94       28        C       0
                text93                             30FC     30FC      110        C       0
                text92                             3428     3428      10A        C       0
                text91                             3B0E     3B0E       F0        C       0
                text90                             28AA     28AA      142        C       0
                text89                             46FE     46FE       74        C       0
                text88                             43AE     43AE       AC        C       0
                text87                             4BDC     4BDC       4C        C       0
                text86                             2C6C     2C6C      13E        C       0
                text85                             491E     491E       64        C       0
                text84                             3738     3738      102        C       0
                text83                             4602     4602       88        C       0
                text82                              80C      80C      350        C       0
                text81                             222A     222A      160        C       0
                text80                             3636     3636      102        C       0
                text79                             1C7E     1C7E      176        C       0
                text78                             3BFE     3BFE       EC        C       0
                text77                             2ECE     2ECE      11E        C       0
                text76                             4302     4302       AC        C       0
                text75                             2B2C     2B2C      140        C       0
                text74                             44EA     44EA       8E        C       0
                text73                             4B8C     4B8C       50        C       0
                text72                             40EC     40EC       BA        C       0
                text71                             24DA     24DA      14A        C       0
                text70                             4E64     4E64       34        C       0
                text69                             49E2     49E2       60        C       0
                text68                             4EC6     4EC6       2C        C       0
                text67                             4DB8     4DB8       3E        C       0
                text66                             13A4     13A4      22E        C       0
                text64                             5026     5026       20        C       0
                text63                             5078     5078       14        C       0
                text62                             4FBC     4FBC       26        C       0
                text61                             509C     509C        E        C       0
                text60                             50AA     50AA        C        C       0
                text59                             50C2     50C2        A        C       0
                text58                             5064     5064       14        C       0
                text57                             4C70     4C70       46        C       0
                text56                             1B06     1B06      178        C       0
                text55                             238A     238A      150        C       0
                text54                             5006     5006       20        C       0
                text53                             2768     2768      142        C       0
                text52                             17D8     17D8      1A4        C       0
                text51                             4EF2     4EF2       2A        C       0
                text50                             4772     4772       70        C       0
                text49                             5046     5046       1E        C       0
                text48                             197C     197C      18A        C       0
                text47                             1F60     1F60      166        C       0
                text46                             4CF8     4CF8       42        C       0
                text45                             4F6C     4F6C       28        C       0
                text44                             3E9C     3E9C       CC        C       0
                text43                             4C28     4C28       48        C       0
                text42                             4B3A     4B3A       52        C       0
                text41                             3F68     3F68       CA        C       0
                text40                              E8C      E8C      2E4        C       0
                text39                             3CEA     3CEA       E0        C       0
                text38                             392C     392C       F2        C       0
                text37                             3DCA     3DCA       D2        C       0
                text36                             15D2     15D2      206        C       0
                text35                               AA       AA      3EA        C       0
                text34                             484C     484C       6A        C       0
                text33                             4AE8     4AE8       52        C       0
                text32                             4FE2     4FE2       24        C       0
                text31                             4DF6     4DF6       3A        C       0
                text30                             2FEC     2FEC      110        C       0
                text29                             331A     331A      10E        C       0
                text28                             3A1E     3A1E       F0        C       0
                text27                             2624     2624      144        C       0
                text26                             468A     468A       74        C       0
                text25                             41A6     41A6       B0        C       0
                text24                             4A42     4A42       54        C       0
                text23                             47E2     47E2       6A        C       0
                text22                             3532     3532      104        C       0
                text21                             4578     4578       8A        C       0
                text20                              494      494      378        C       0
                text19                             1DF4     1DF4      16C        C       0
                text18                             320C     320C      10E        C       0
                text17                             383A     383A       F2        C       0
                text16                             2DAA     2DAA      124        C       0
                text15                             4256     4256       AC        C       0
                text14                             29EC     29EC      140        C       0
                text13                             445A     445A       90        C       0
                text12                             4A96     4A96       52        C       0
                text11                             4032     4032       BA        C       0
                text10                             4E30     4E30       34        C       0
                text9                              4982     4982       60        C       0
                text8                              4E98     4E98       2E        C       0
                text7                              4D3A     4D3A       40        C       0
                text6                              1170     1170      234        C       0
                text5                              4F44     4F44       28        C       0
                text4                               B5C      B5C      330        C       0
                text3                              4F1C     4F1C       28        C       0
                text2                              4CB6     4CB6       42        C       0
                text1                              20C6     20C6      164        C       0
                text0                              48B6     48B6       68        C       0
                cstackCOMRAM                         2E       2E       2C        1       1
                cstackBANK0                          60       60       8E       60       1
                cstackBANK1                         1CF      1CF       29      100       1
                bssBANK2                            200      200       40      200       1
                bssBANK1                            100      100       CF      100       1
                bssBANK0                             EE       EE       11       60       1
                bssCOMRAM                             1        1       2D        1       1
                cinit                              4D7A     4D7A       3E        C       0

TOTAL           Name                               Link     Load   Length     Space
        CLASS   STACK          

        CLASS   CODE           
                intcodelo                            18       18       8E         0
                intcode                               8        8        6         0
                init                                 A6       A6        4         0
                reset_vec                             0        0        4         0
                text97                             508C     508C       10         0
                text96                             50CC     50CC        4         0
                text95                             50B6     50B6        C         0
                intcode_body                       4F94     4F94       28         0
                text93                             30FC     30FC      110         0
                text92                             3428     3428      10A         0
                text91                             3B0E     3B0E       F0         0
                text90                             28AA     28AA      142         0
                text89                             46FE     46FE       74         0
                text88                             43AE     43AE       AC         0
                text87                             4BDC     4BDC       4C         0
                text86                             2C6C     2C6C      13E         0
                text85                             491E     491E       64         0
                text84                             3738     3738      102         0
                text83                             4602     4602       88         0
                text82                              80C      80C      350         0
                text81                             222A     222A      160         0
                text80                             3636     3636      102         0
                text79                             1C7E     1C7E      176         0
                text78                             3BFE     3BFE       EC         0
                text77                             2ECE     2ECE      11E         0
                text76                             4302     4302       AC         0
                text75                             2B2C     2B2C      140         0
                text74                             44EA     44EA       8E         0
                text73                             4B8C     4B8C       50         0
                text72                             40EC     40EC       BA         0
                text71                             24DA     24DA      14A         0
                text70                             4E64     4E64       34         0
                text69                             49E2     49E2       60         0
                text68                             4EC6     4EC6       2C         0
                text67                             4DB8     4DB8       3E         0
                text66                             13A4     13A4      22E         0
                text64                             5026     5026       20         0
                text63                             5078     5078       14         0
                text62                             4FBC     4FBC       26         0
                text61                             509C     509C        E         0
                text60                             50AA     50AA        C         0
                text59                             50C2     50C2        A         0
                text58                             5064     5064       14         0
                text57                             4C70     4C70       46         0
                text56                             1B06     1B06      178         0
                text55                             238A     238A      150         0
                text54                             5006     5006       20         0
                text53                             2768     2768      142         0
                text52                             17D8     17D8      1A4         0
                text51                             4EF2     4EF2       2A         0
                text50                             4772     4772       70         0
                text49                             5046     5046       1E         0
                text48                             197C     197C      18A         0
                text47                             1F60     1F60      166         0
                text46                             4CF8     4CF8       42         0
                text45                             4F6C     4F6C       28         0
                text44                             3E9C     3E9C       CC         0
                text43                             4C28     4C28       48         0
                text42                             4B3A     4B3A       52         0
                text41                             3F68     3F68       CA         0
                text40                              E8C      E8C      2E4         0
                text39                             3CEA     3CEA       E0         0
                text38                             392C     392C       F2         0
                text37                             3DCA     3DCA       D2         0
                text36                             15D2     15D2      206         0
                text35                               AA       AA      3EA         0
                text34                             484C     484C       6A         0
                text33                             4AE8     4AE8       52         0
                text32                             4FE2     4FE2       24         0
                text31                             4DF6     4DF6       3A         0
                text30                             2FEC     2FEC      110         0
                text29                             331A     331A      10E         0
                text28                             3A1E     3A1E       F0         0
                text27                             2624     2624      144         0
                text26                             468A     468A       74         0
                text25                             41A6     41A6       B0         0
                text24                             4A42     4A42       54         0
                text23                             47E2     47E2       6A         0
                text22                             3532     3532      104         0
                text21                             4578     4578       8A         0
                text20                              494      494      378         0
                text19                             1DF4     1DF4      16C         0
                text18                             320C     320C      10E         0
                text17                             383A     383A       F2         0
                text16                             2DAA     2DAA      124         0
                text15                             4256     4256       AC         0
                text14                             29EC     29EC      140         0
                text13                             445A     445A       90         0
                text12                             4A96     4A96       52         0
                text11                             4032     4032       BA         0
                text10                             4E30     4E30       34         0
                text9                              4982     4982       60         0
                text8                              4E98     4E98       2E         0
                text7                              4D3A     4D3A       40         0
                text6                              1170     1170      234         0
                text5                              4F44     4F44       28         0
                text4                               B5C      B5C      330         0
                text3                              4F1C     4F1C       28         0
                text2                              4CB6     4CB6       42         0
                text1                              20C6     20C6      164         0
                text0                              48B6     48B6       68         0
                cinit                              4D7A     4D7A       3E         0

        CLASS   CONST          

        CLASS   SMALLCONST     

        CLASS   MEDIUMCONST    
                mediumconst                        7ECC     7ECC      134         0

        CLASS   COMRAM         
                temp                                 5A       5A        1         1
                cstackCOMRAM                         2E       2E       2C         1
                bssCOMRAM                             1        1       2D         1

        CLASS   ABS1           
                abs_s1                              400      400       40         1
                abs_s1                              500      500       80         1

        CLASS   BIGRAM         

        CLASS   RAM            

        CLASS   BANK0          
                cstackBANK0                          60       60       8E         1
                bssBANK0                             EE       EE       11         1

        CLASS   BANK1          
                cstackBANK1                         1CF      1CF       29         1
                bssBANK1                            100      100       CF         1

        CLASS   BANK2          
                bssBANK2                            200      200       40         1

        CLASS   BANK3          

        CLASS   BANK4          

        CLASS   BANK5          

        CLASS   BANK6          

        CLASS   BANK7          

        CLASS   SFR            

        CLASS   CONFIG         
                config                           300000   300000        E         4

        CLASS   IDLOC          
                idloc                            200000   200000        8         5

        CLASS   EEDATA         

        CLASS   FARRAM         



SEGMENTS        Name                           Load    Length   Top    Selector   Space  Class

                reset_vec                      000000  000004  000004         0       0  CODE    
                bssCOMRAM                      000001  00005A  00005B         1       1  COMRAM  
                intcode                        000008  000006  00000E         4       0  CODE    
                intcodelo                      000018  0050B8  0050D0         C       0  CODE    
                cstackBANK0                    000060  00009F  0000FF        60       1  BANK0   
                bssBANK1                       000100  0000F8  0001F8       100       1  BANK1   
                bssBANK2                       000200  000040  000240       200       1  BANK2   
                mediumconst                    007ECC  000134  008000      3F66       0  MEDIUMCO


UNUSED ADDRESS RANGES

        Name                Unused          Largest block    Delta
        BANK0            0000FF-0000FF                1
        BANK1            0001F8-0001FF                8
        BANK2            000240-0002FF               C0
        BANK3            000300-0003FF              100
        BANK4            000440-0004FF               C0
        BANK5            000580-0005FF               80
        BANK6            000600-0006FF              100
        BANK7            000700-0007FF              100
        BIGRAM           00005B-00005F                5
                         0000FF-0000FF                1
                         0001F8-0001FF                8
                         000240-0003FF              1C0
                         000440-0004FF               C0
                         000580-0007FF              280
        CODE             000004-000007                4
                         00000E-000017                A
                         0050D0-007ECB             2DFC
        COMRAM           00005B-00005F                5
        CONST            000004-000007                4
                         00000E-000017                A
                         0050D0-007ECB             2DFC
        EEDATA           F00000-F000FF              100
        MEDIUMCONST      0050D0-007ECB             2DFC
        RAM              0000FF-0000FF                1
                         0001F8-0001FF                8
                         000240-0003FF               C0
                         000440-0004FF               C0
                         000580-0007FF              100
        SFR              000F53-000FFF                D
        SMALLCONST       0050D0-007ECB              100
        STACK            000580-0007FF              280

                                  Symbol Table

?_Millis_Get                                cstackBANK0  000060
?_USBTransferOnePacket                      cstackBANK0  000060
?___aodiv                                   cstackBANK0  000060
?___aomod                                   cstackBANK0  000060
?___lodiv                                   cstackBANK0  000060
?___lomod                                   cstackBANK0  000060
?___wmul                                    cstackBANK0  000060
?_abs                                       cstackBANK0  000072
?_dtoa                                      cstackBANK0  000082
?_pad                                       cstackBANK0  000077
?_printf                                    cstackBANK0  0000D2
?_sprintf                                   cstackBANK0  0000D2
?_strlen                                    cstackBANK0  000060
?_strncmp                                   cstackBANK0  000060
?_utoa                                      cstackBANK0  000082
?_vfpfcnvrt                                 cstackBANK0  0000A6
?_vfprintf                                  cstackBANK0  0000CA
?i1_USBTransferOnePacket                    cstackCOMRAM 00002E
CDCTxService@byte_to_send                   cstackBANK0  00006C
CDCTxService@i                              cstackBANK0  00006B
Millis_Get@m                                cstackBANK0  000064
Millis_Init@highPriority                    cstackBANK0  000061
TMR1_Initialize@highPriority                cstackBANK0  000060
USBConfigureEndpoint@EPNum                  cstackBANK0  000065
USBConfigureEndpoint@direction              cstackBANK0  000060
USBConfigureEndpoint@handle                 cstackBANK0  000066
USBCtrlTrfInHandler@lastDTS                 cstackBANK0  000061
USBCtrlTrfRxService@byteToRead              cstackBANK0  000061
USBCtrlTrfRxService@i                       cstackBANK0  000060
USBCtrlTrfTxService@byteToSend              cstackBANK0  000060
USBDeviceInit@i                             cstackBANK0  00006C
USBDeviceTasks@i                            cstackBANK0  00007E
USBEnableEndpoint@ep                        cstackBANK0  00006B
USBEnableEndpoint@options                   cstackBANK0  000068
USBEnableEndpoint@p                         cstackBANK0  000069
USBStdFeatureReqHandler@current_ep_data     cstackBANK0  000078
USBStdFeatureReqHandler@p                   cstackBANK0  000079
USBStdFeatureReqHandler@pUEP                cstackBANK0  000076
USBStdGetStatusHandler@p                    cstackBANK0  000062
USBStdSetCfgHandler@i                       cstackBANK0  000074
USBTransferOnePacket@data                   cstackBANK0  000061
USBTransferOnePacket@dir                    cstackBANK0  000060
USBTransferOnePacket@ep                     cstackBANK0  000068
USBTransferOnePacket@handle                 cstackBANK0  000069
USBTransferOnePacket@len                    cstackBANK0  000063
USB_CDC_Tx_String@s                         cstackBANK0  000065
USER_USB_CALLBACK_EVENT_HANDLER@event       cstackBANK0  00006C
USER_USB_CALLBACK_EVENT_HANDLER@pdata       cstackBANK0  00006E
USER_USB_CALLBACK_EVENT_HANDLER@size        cstackBANK0  000070
_ANSELDbits                                 (abs)        000F5E
_BDT                                        (abs)        000400
_BaudRateGen                                bssBANK1     000110
_BothEP0OutUOWNsSet                         bssCOMRAM    000028
_CDCDataInHandle                            bssBANK0     0000F2
_CDCDataOutHandle                           bssCOMRAM    00001B
_CDCInitEP                                  text23       0047E2
_CDCTxService                               text52       0017D8
_CtrlTrfData                                (abs)        000438
_INTCON2bits                                (abs)        000FF1
_INTCON3bits                                (abs)        000FF0
_INTCONbits                                 (abs)        000FF2
_INTERRUUPT_Init                            text63       005078
_IPR1bits                                   (abs)        000F9F
_IPR3bits                                   (abs)        000FA5
_ISR_High_Priority                          intcode      000008
_ISR_Low_Priority                           intcodelo    000018
_LATDbits                                   (abs)        000F8C
_MillisISR                                  text97       00508C
_Millis_Get                                 text51       004EF2
_Millis_Init                                text61       00509C
_OSCCON2bits                                (abs)        000FD2
_OSCCONbits                                 (abs)        000FD3
_OSCILATOR_Init                             text60       0050AA
_PIE1bits                                   (abs)        000F9D
_PIE3bits                                   (abs)        000FA3
_PIR1bits                                   (abs)        000F9E
_PIR3bits                                   (abs)        000FA4
_PORT_Init                                  text59       0050C2
_RCONbits                                   (abs)        000FD0
_RemoteWakeup                               bssCOMRAM    00002A
_SetupPkt                                   (abs)        000430
_T1CONbits                                  (abs)        000FCD
_T1GCONbits                                 (abs)        000FCC
_T2CONbits                                  (abs)        000FBA
_TMR1H                                      (abs)        000FCF
_TMR1L                                      (abs)        000FCE
_TMR1_Clear_Flag_Ovf                        text96       0050CC
_TMR1_Enable_Interrupt                      text64       005026
_TMR1_ISR                                   text95       0050B6
_TMR1_Initialize                            text62       004FBC
_TMR2                                       (abs)        000FBC
_TRISDbits                                  (abs)        000F95
_Task1                                      text31       004DF6
_Task2                                      text32       004FE2
_Timer2_Initialize                          text58       005064
_UADDR                                      (abs)        000F63
_UCFG                                       (abs)        000F62
_UCON                                       (abs)        000F60
_UCONbits                                   (abs)        000F60
_UEIE                                       (abs)        000F66
_UEIR                                       (abs)        000F67
_UEP0                                       (abs)        000F6A
_UEP0bits                                   (abs)        000F6A
_UEP1                                       (abs)        000F6B
_UIE                                        (abs)        000F64
_UIEbits                                    (abs)        000F64
_UIR                                        (abs)        000F65
_UIRbits                                    (abs)        000F65
_USB1msTickCount                            bssBANK1     000114
_USBActiveConfiguration                     bssBANK0     0000FE
_USBAlternateInterface                      bssBANK0     0000FB
_USBBusIsSuspended                          bssCOMRAM    000029
_USBCheckCDCRequest                         text22       003532
_USBCheckStdRequest                         text16       002DAA
_USBConfigureEndpoint                       text25       0041A6
_USBCtrlEPAllowDataStage                    text15       004256
_USBCtrlEPAllowStatusStage                  text28       003A1E
_USBCtrlEPService                           text11       004032
_USBCtrlEPServiceComplete                   text14       0029EC
_USBCtrlTrfInHandler                        text29       00331A
_USBCtrlTrfOutHandler                       text26       00468A
_USBCtrlTrfRxService                        text27       002624
_USBCtrlTrfSetupHandler                     text13       00445A
_USBCtrlTrfTxService                        text30       002FEC
_USBDeferINDataStagePackets                 bssCOMRAM    000024
_USBDeferOUTDataStagePackets                bssCOMRAM    000023
_USBDeferStatusStagePacket                  bssCOMRAM    000027
_USBDeviceAttach                            text57       004C70
_USBDeviceInit                              text55       00238A
_USBDeviceState                             bssBANK1     000135
_USBDeviceTasks                             text6        001170
_USBEnableEndpoint                          text24       004A42
_USBIncrement1msInternalTimers              text10       004E30
_USBStallHandler                            text9        004982
_USBStatusStageEnabledFlag1                 bssCOMRAM    000026
_USBStatusStageEnabledFlag2                 bssCOMRAM    000025
_USBStatusStageTimeoutCounter               bssBANK0     0000F8
_USBStdFeatureReqHandler                    text20       000494
_USBStdGetDscHandler                        text19       001DF4
_USBStdGetStatusHandler                     text18       00320C
_USBStdSetCfgHandler                        text17       00383A
_USBSuspend                                 text8        004E98
_USBTicksSinceSuspendEnd                    bssCOMRAM    000022
_USBTransferOnePacket                       text53       002768
_USBWakeFromSuspend                         text7        004D3A
_USB_CDC_Tx_String                          text49       005046
_USB_CD_Ptr                                 mediumconst  007ED3
_USB_SD_Ptr                                 mediumconst  007ECD
_USB_writeBuffer                            bssBANK2     000200
_USER_USB_CALLBACK_EVENT_HANDLER            text21       004578
_USTAT                                      (abs)        000F61
_USTATcopy                                  bssBANK0     0000FD
__HRAM                                      (abs)        000000
__Habs1                                     abs1         000000
__Hbank0                                    bank0        000000
__Hbank1                                    bank1        000000
__Hbank2                                    bank2        000000
__Hbank3                                    bank3        000000
__Hbank4                                    bank4        000000
__Hbank5                                    bank5        000000
__Hbank6                                    bank6        000000
__Hbank7                                    bank7        000000
__Hbigbss                                   bigbss       000000
__Hbigdata                                  bigdata      000000
__Hbigram                                   bigram       000000
__Hbss                                      bss          000000
__HbssBANK0                                 bssBANK0     000000
__HbssBANK1                                 bssBANK1     000000
__HbssBANK2                                 bssBANK2     000000
__HbssCOMRAM                                bssCOMRAM    000000
__Hcinit                                    cinit        000000
__Hclrtext                                  clrtext      000000
__Hcomram                                   comram       000000
__Hconfig                                   config       30000E
__Hconst                                    const        000000
__HcstackBANK0                              cstackBANK0  000000
__HcstackBANK1                              cstackBANK1  000000
__HcstackCOMRAM                             cstackCOMRAM 000000
__Hdata                                     data         000000
__Heeprom_data                              eeprom_data  000000
__Hfarbss                                   farbss       000000
__Hfardata                                  fardata      000000
__Hibigdata                                 ibigdata     000000
__Hidata                                    idata        000000
__Hidloc                                    idloc        200008
__Hifardata                                 ifardata     000000
__Hinit                                     init         0000AA
__Hintcode                                  intcode      00000E
__Hintcode_body                             intcode_body 000000
__Hintcodelo                                intcodelo    0000A6
__Hintentry                                 intentry     000000
__Hintret                                   intret       000000
__Hintsave_regs                             intsave_regs 000000
__Hirdata                                   irdata       000000
__Hmediumconst                              mediumconst  008000
__HnvFARRAM                                 nvFARRAM     000000
__Hnvbit                                    nvbit        000000
__Hnvrram                                   nvrram       000000
__Hparam                                    rparam       000000
__Hpowerup                                  powerup      0000A6
__Hram                                      ram          000000
__Hramtop                                   ramtop       000800
__Hrbit                                     rbit         000000
__Hrbss                                     rbss         000000
__Hrdata                                    rdata        000000
__Hreset_vec                                reset_vec    000004
__Hrparam                                   rparam       000000
__Hsfr                                      sfr          000000
__Hsmallconst                               smallconst   000000
__Hspace_0                                  (abs)        008000
__Hspace_1                                  (abs)        000240
__Hspace_2                                  (abs)        000000
__Hspace_4                                  (abs)        60000E
__Hstack                                    stack        000000
__Hstruct                                   struct       000000
__Htemp                                     temp         00005B
__Htext                                     text         000000
__Htext0                                    text0        000000
__Htext1                                    text1        000000
__Htext10                                   text10       000000
__Htext11                                   text11       000000
__Htext12                                   text12       000000
__Htext13                                   text13       000000
__Htext14                                   text14       000000
__Htext15                                   text15       000000
__Htext16                                   text16       000000
__Htext17                                   text17       000000
__Htext18                                   text18       000000
__Htext19                                   text19       000000
__Htext2                                    text2        000000
__Htext20                                   text20       000000
__Htext21                                   text21       000000
__Htext22                                   text22       000000
__Htext23                                   text23       000000
__Htext24                                   text24       000000
__Htext25                                   text25       000000
__Htext26                                   text26       000000
__Htext27                                   text27       000000
__Htext28                                   text28       000000
__Htext29                                   text29       000000
__Htext3                                    text3        000000
__Htext30                                   text30       000000
__Htext31                                   text31       000000
__Htext32                                   text32       000000
__Htext33                                   text33       000000
__Htext34                                   text34       000000
__Htext35                                   text35       000000
__Htext36                                   text36       000000
__Htext37                                   text37       000000
__Htext38                                   text38       000000
__Htext39                                   text39       000000
__Htext4                                    text4        000000
__Htext40                                   text40       000000
__Htext41                                   text41       000000
__Htext42                                   text42       000000
__Htext43                                   text43       000000
__Htext44                                   text44       000000
__Htext45                                   text45       000000
__Htext46                                   text46       000000
__Htext47                                   text47       000000
__Htext48                                   text48       000000
__Htext49                                   text49       000000
__Htext5                                    text5        000000
__Htext50                                   text50       000000
__Htext51                                   text51       000000
__Htext52                                   text52       000000
__Htext53                                   text53       000000
__Htext54                                   text54       000000
__Htext55                                   text55       000000
__Htext56                                   text56       000000
__Htext57                                   text57       000000
__Htext58                                   text58       000000
__Htext59                                   text59       000000
__Htext6                                    text6        000000
__Htext60                                   text60       000000
__Htext61                                   text61       000000
__Htext62                                   text62       000000
__Htext63                                   text63       000000
__Htext64                                   text64       000000
__Htext66                                   text66       000000
__Htext67                                   text67       000000
__Htext68                                   text68       000000
__Htext69                                   text69       000000
__Htext7                                    text7        000000
__Htext70                                   text70       000000
__Htext71                                   text71       000000
__Htext72                                   text72       000000
__Htext73                                   text73       000000
__Htext74                                   text74       000000
__Htext75                                   text75       000000
__Htext76                                   text76       000000
__Htext77                                   text77       000000
__Htext78                                   text78       000000
__Htext79                                   text79       000000
__Htext8                                    text8        000000
__Htext80                                   text80       000000
__Htext81                                   text81       000000
__Htext82                                   text82       000000
__Htext83                                   text83       000000
__Htext84                                   text84       000000
__Htext85                                   text85       000000
__Htext86                                   text86       000000
__Htext87                                   text87       000000
__Htext88                                   text88       000000
__Htext89                                   text89       000000
__Htext9                                    text9        000000
__Htext90                                   text90       000000
__Htext91                                   text91       000000
__Htext92                                   text92       000000
__Htext93                                   text93       000000
__Htext95                                   text95       000000
__Htext96                                   text96       000000
__Htext97                                   text97       000000
__Htext98                                   text98       000000
__LRAM                                      (abs)        000001
__Labs1                                     abs1         000000
__Lbank0                                    bank0        000000
__Lbank1                                    bank1        000000
__Lbank2                                    bank2        000000
__Lbank3                                    bank3        000000
__Lbank4                                    bank4        000000
__Lbank5                                    bank5        000000
__Lbank6                                    bank6        000000
__Lbank7                                    bank7        000000
__Lbigbss                                   bigbss       000000
__Lbigdata                                  bigdata      000000
__Lbigram                                   bigram       000000
__Lbss                                      bss          000000
__LbssBANK0                                 bssBANK0     000000
__LbssBANK1                                 bssBANK1     000000
__LbssBANK2                                 bssBANK2     000000
__LbssCOMRAM                                bssCOMRAM    000000
__Lcinit                                    cinit        000000
__Lclrtext                                  clrtext      000000
__Lcomram                                   comram       000000
__Lconfig                                   config       000000
__Lconst                                    const        000000
__LcstackBANK0                              cstackBANK0  000000
__LcstackBANK1                              cstackBANK1  000000
__LcstackCOMRAM                             cstackCOMRAM 000000
__Ldata                                     data         000000
__Leeprom_data                              eeprom_data  000000
__Lfarbss                                   farbss       000000
__Lfardata                                  fardata      000000
__Libigdata                                 ibigdata     000000
__Lidata                                    idata        000000
__Lidloc                                    idloc        000000
__Lifardata                                 ifardata     000000
__Linit                                     init         0000A6
__Lintcode                                  intcode      000008
__Lintcode_body                             intcode_body 000000
__Lintcodelo                                intcodelo    000018
__Lintentry                                 intentry     000000
__Lintret                                   intret       000000
__Lintsave_regs                             intsave_regs 000000
__Lirdata                                   irdata       000000
__Lmediumconst                              mediumconst  007ECC
__LnvFARRAM                                 nvFARRAM     000000
__Lnvbit                                    nvbit        000000
__Lnvrram                                   nvrram       000000
__Lparam                                    rparam       000000
__Lpowerup                                  powerup      0000A6
__Lram                                      ram          000000
__Lramtop                                   ramtop       000800
__Lrbit                                     rbit         000000
__Lrbss                                     rbss         000000
__Lrdata                                    rdata        000000
__Lreset_vec                                reset_vec    000000
__Lrparam                                   rparam       000000
__Lsfr                                      sfr          000000
__Lsmallconst                               smallconst   000000
__Lspace_0                                  (abs)        000000
__Lspace_1                                  (abs)        000000
__Lspace_2                                  (abs)        000000
__Lspace_4                                  (abs)        000000
__Lstack                                    stack        000000
__Lstruct                                   struct       000000
__Ltemp                                     temp         00005A
__Ltext                                     text         000000
__Ltext0                                    text0        000000
__Ltext1                                    text1        000000
__Ltext10                                   text10       000000
__Ltext11                                   text11       000000
__Ltext12                                   text12       000000
__Ltext13                                   text13       000000
__Ltext14                                   text14       000000
__Ltext15                                   text15       000000
__Ltext16                                   text16       000000
__Ltext17                                   text17       000000
__Ltext18                                   text18       000000
__Ltext19                                   text19       000000
__Ltext2                                    text2        000000
__Ltext20                                   text20       000000
__Ltext21                                   text21       000000
__Ltext22                                   text22       000000
__Ltext23                                   text23       000000
__Ltext24                                   text24       000000
__Ltext25                                   text25       000000
__Ltext26                                   text26       000000
__Ltext27                                   text27       000000
__Ltext28                                   text28       000000
__Ltext29                                   text29       000000
__Ltext3                                    text3        000000
__Ltext30                                   text30       000000
__Ltext31                                   text31       000000
__Ltext32                                   text32       000000
__Ltext33                                   text33       000000
__Ltext34                                   text34       000000
__Ltext35                                   text35       000000
__Ltext36                                   text36       000000
__Ltext37                                   text37       000000
__Ltext38                                   text38       000000
__Ltext39                                   text39       000000
__Ltext4                                    text4        000000
__Ltext40                                   text40       000000
__Ltext41                                   text41       000000
__Ltext42                                   text42       000000
__Ltext43                                   text43       000000
__Ltext44                                   text44       000000
__Ltext45                                   text45       000000
__Ltext46                                   text46       000000
__Ltext47                                   text47       000000
__Ltext48                                   text48       000000
__Ltext49                                   text49       000000
__Ltext5                                    text5        000000
__Ltext50                                   text50       000000
__Ltext51                                   text51       000000
__Ltext52                                   text52       000000
__Ltext53                                   text53       000000
__Ltext54                                   text54       000000
__Ltext55                                   text55       000000
__Ltext56                                   text56       000000
__Ltext57                                   text57       000000
__Ltext58                                   text58       000000
__Ltext59                                   text59       000000
__Ltext6                                    text6        000000
__Ltext60                                   text60       000000
__Ltext61                                   text61       000000
__Ltext62                                   text62       000000
__Ltext63                                   text63       000000
__Ltext64                                   text64       000000
__Ltext66                                   text66       000000
__Ltext67                                   text67       000000
__Ltext68                                   text68       000000
__Ltext69                                   text69       000000
__Ltext7                                    text7        000000
__Ltext70                                   text70       000000
__Ltext71                                   text71       000000
__Ltext72                                   text72       000000
__Ltext73                                   text73       000000
__Ltext74                                   text74       000000
__Ltext75                                   text75       000000
__Ltext76                                   text76       000000
__Ltext77                                   text77       000000
__Ltext78                                   text78       000000
__Ltext79                                   text79       000000
__Ltext8                                    text8        000000
__Ltext80                                   text80       000000
__Ltext81                                   text81       000000
__Ltext82                                   text82       000000
__Ltext83                                   text83       000000
__Ltext84                                   text84       000000
__Ltext85                                   text85       000000
__Ltext86                                   text86       000000
__Ltext87                                   text87       000000
__Ltext88                                   text88       000000
__Ltext89                                   text89       000000
__Ltext9                                    text9        000000
__Ltext90                                   text90       000000
__Ltext91                                   text91       000000
__Ltext92                                   text92       000000
__Ltext93                                   text93       000000
__Ltext95                                   text95       000000
__Ltext96                                   text96       000000
__Ltext97                                   text97       000000
__Ltext98                                   text98       000000
__S0                                        (abs)        008000
__S1                                        (abs)        000240
__S2                                        (abs)        000000
__S4                                        (abs)        000000
__S5                                        (abs)        000000
___aodiv                                    text48       00197C
___aodiv@counter                            cstackBANK0  000070
___aodiv@dividend                           cstackBANK0  000060
___aodiv@divisor                            cstackBANK0  000068
___aodiv@quotient                           cstackBANK0  000072
___aodiv@sign                               cstackBANK0  000071
___aomod                                    text47       001F60
___aomod@counter                            cstackBANK0  000070
___aomod@dividend                           cstackBANK0  000060
___aomod@divisor                            cstackBANK0  000068
___aomod@sign                               cstackBANK0  000071
___inthi_sp                                 stack        000000
___intlo_sp                                 stack        000000
___lodiv                                    text38       00392C
___lodiv@counter                            cstackBANK0  000078
___lodiv@dividend                           cstackBANK0  000060
___lodiv@divisor                            cstackBANK0  000068
___lodiv@quotient                           cstackBANK0  000070
___lomod                                    text37       003DCA
___lomod@counter                            cstackBANK0  000070
___lomod@dividend                           cstackBANK0  000060
___lomod@divisor                            cstackBANK0  000068
___param_bank                               (abs)        000000
___rparam_used                              (abs)        000001
___sp                                       stack        000000
___wmul                                     text5        004F44
___wmul@multiplicand                        cstackBANK0  000062
___wmul@multiplier                          cstackBANK0  000060
___wmul@product                             cstackBANK0  000064
__accesstop                                 (abs)        000060
__activetblptr                              (abs)        000002
__end_of_CDCInitEP                          text23       00484C
__end_of_CDCTxService                       text52       00197C
__end_of_INTERRUUPT_Init                    text63       00508C
__end_of_ISR_High_Priority                  intcode_body 004FBC
__end_of_ISR_Low_Priority                   intcodelo    0000A6
__end_of_MillisISR                          text97       00509C
__end_of_Millis_Get                         text51       004F1C
__end_of_Millis_Init                        text61       0050AA
__end_of_OSCILATOR_Init                     text60       0050B6
__end_of_PORT_Init                          text59       0050CC
__end_of_TMR1_Clear_Flag_Ovf                text96       0050D0
__end_of_TMR1_Enable_Interrupt              text64       005046
__end_of_TMR1_ISR                           text95       0050C2
__end_of_TMR1_Initialize                    text62       004FE2
__end_of_Task1                              text31       004E30
__end_of_Task2                              text32       005006
__end_of_Timer2_Initialize                  text58       005078
__end_of_USBCheckCDCRequest                 text22       003636
__end_of_USBCheckStdRequest                 text16       002ECE
__end_of_USBConfigureEndpoint               text25       004256
__end_of_USBCtrlEPAllowDataStage            text15       004302
__end_of_USBCtrlEPAllowStatusStage          text28       003B0E
__end_of_USBCtrlEPService                   text11       0040EC
__end_of_USBCtrlEPServiceComplete           text14       002B2C
__end_of_USBCtrlTrfInHandler                text29       003428
__end_of_USBCtrlTrfOutHandler               text26       0046FE
__end_of_USBCtrlTrfRxService                text27       002768
__end_of_USBCtrlTrfSetupHandler             text13       0044EA
__end_of_USBCtrlTrfTxService                text30       0030FC
__end_of_USBDeviceAttach                    text57       004CB6
__end_of_USBDeviceInit                      text55       0024DA
__end_of_USBDeviceTasks                     text6        0013A4
__end_of_USBEnableEndpoint                  text24       004A96
__end_of_USBIncrement1msInternalTimers      text10       004E64
__end_of_USBStallHandler                    text9        0049E2
__end_of_USBStdFeatureReqHandler            text20       00080C
__end_of_USBStdGetDscHandler                text19       001F60
__end_of_USBStdGetStatusHandler             text18       00331A
__end_of_USBStdSetCfgHandler                text17       00392C
__end_of_USBSuspend                         text8        004EC6
__end_of_USBTransferOnePacket               text53       0028AA
__end_of_USBWakeFromSuspend                 text7        004D7A
__end_of_USB_CDC_Tx_String                  text49       005064
__end_of_USB_CD_Ptr                         mediumconst  007ED5
__end_of_USB_SD_Ptr                         mediumconst  007ED3
__end_of_USER_USB_CALLBACK_EVENT_HANDLER    text21       004602
__end_of___aodiv                            text48       001B06
__end_of___aomod                            text47       0020C6
__end_of___lodiv                            text38       003A1E
__end_of___lomod                            text37       003E9C
__end_of___wmul                             text5        004F6C
__end_of__initialization                    cinit        004DAA
__end_of_abs                                text46       004D3A
__end_of_configDescriptor1                  mediumconst  007F18
__end_of_device_dsc                         mediumconst  007F78
__end_of_dtoa                               text40       001170
__end_of_fputc                              text44       003F68
__end_of_fputs                              text43       004C70
__end_of_main                               text0        00491E
__end_of_memcpy                             text12       004AE8
__end_of_memset                             text56       001C7E
__end_of_pad                                text41       004032
__end_of_printf                             text3        004F44
__end_of_putch                              text45       004F94
__end_of_putsUSBUSART                       text50       0047E2
__end_of_sd000                              mediumconst  007F7C
__end_of_sd001                              mediumconst  007F4C
__end_of_sd002                              mediumconst  007F66
__end_of_sprintf                            text33       004B3A
__end_of_strcpy                             text2        004CF8
__end_of_strlen                             text42       004B8C
__end_of_strncmp                            text39       003DCA
__end_of_utoa                               text36       0017D8
__end_of_vHardwareInit                      text54       005026
__end_of_vTaskStartScheduler                text4        000E8C
__end_of_vfpfcnvrt                          text35       000494
__end_of_vfprintf                           text34       0048B6
__end_of_xTaskCreate                        text1        00222A
__end_ofi1_CDCInitEP                        text85       004982
__end_ofi1_USBCheckCDCRequest               text84       00383A
__end_ofi1_USBCheckStdRequest               text77       002FEC
__end_ofi1_USBConfigureEndpoint             text88       00445A
__end_ofi1_USBCtrlEPAllowDataStage          text76       0043AE
__end_ofi1_USBCtrlEPAllowStatusStage        text91       003BFE
__end_ofi1_USBCtrlEPService                 text72       0041A6
__end_ofi1_USBCtrlEPServiceComplete         text75       002C6C
__end_ofi1_USBCtrlTrfInHandler              text92       003532
__end_ofi1_USBCtrlTrfOutHandler             text89       004772
__end_ofi1_USBCtrlTrfRxService              text90       0029EC
__end_ofi1_USBCtrlTrfSetupHandler           text74       004578
__end_ofi1_USBCtrlTrfTxService              text93       00320C
__end_ofi1_USBDeviceInit                    text71       002624
__end_ofi1_USBDeviceTasks                   text66       0015D2
__end_ofi1_USBEnableEndpoint                text87       004C28
__end_ofi1_USBIncrement1msInternalTimers    text70       004E98
__end_ofi1_USBStallHandler                  text69       004A42
__end_ofi1_USBStdFeatureReqHandler          text82       000B5C
__end_ofi1_USBStdGetDscHandler              text81       00238A
__end_ofi1_USBStdGetStatusHandler           text80       003738
__end_ofi1_USBStdSetCfgHandler              text78       003CEA
__end_ofi1_USBSuspend                       text68       004EF2
__end_ofi1_USBTransferOnePacket             text86       002DAA
__end_ofi1_USBWakeFromSuspend               text67       004DF6
__end_ofi1_USER_USB_CALLBACK_EVENT_HANDLER  text83       00468A
__end_ofi1_memcpy                           text73       004BDC
__end_ofi1_memset                           text79       001DF4
__highPriority@TMR1$F1093                   bssBANK0     0000FA
__initialization                            cinit        004D7A
__mediumconst                               mediumconst  007ECC
__pbssBANK0                                 bssBANK0     0000EE
__pbssBANK1                                 bssBANK1     000100
__pbssBANK2                                 bssBANK2     000200
__pbssCOMRAM                                bssCOMRAM    000001
__pcinit                                    cinit        004D7A
__pcstackBANK0                              cstackBANK0  000060
__pcstackBANK1                              cstackBANK1  0001CF
__pcstackCOMRAM                             cstackCOMRAM 00002E
__pintcode                                  intcode      000008
__pintcode_body                             intcode_body 004F94
__pintcodelo                                intcodelo    000018
__pmediumconst                              mediumconst  007ECC
__ptext0                                    text0        0048B6
__ptext1                                    text1        0020C6
__ptext10                                   text10       004E30
__ptext11                                   text11       004032
__ptext12                                   text12       004A96
__ptext13                                   text13       00445A
__ptext14                                   text14       0029EC
__ptext15                                   text15       004256
__ptext16                                   text16       002DAA
__ptext17                                   text17       00383A
__ptext18                                   text18       00320C
__ptext19                                   text19       001DF4
__ptext2                                    text2        004CB6
__ptext20                                   text20       000494
__ptext21                                   text21       004578
__ptext22                                   text22       003532
__ptext23                                   text23       0047E2
__ptext24                                   text24       004A42
__ptext25                                   text25       0041A6
__ptext26                                   text26       00468A
__ptext27                                   text27       002624
__ptext28                                   text28       003A1E
__ptext29                                   text29       00331A
__ptext3                                    text3        004F1C
__ptext30                                   text30       002FEC
__ptext31                                   text31       004DF6
__ptext32                                   text32       004FE2
__ptext33                                   text33       004AE8
__ptext34                                   text34       00484C
__ptext35                                   text35       0000AA
__ptext36                                   text36       0015D2
__ptext37                                   text37       003DCA
__ptext38                                   text38       00392C
__ptext39                                   text39       003CEA
__ptext4                                    text4        000B5C
__ptext40                                   text40       000E8C
__ptext41                                   text41       003F68
__ptext42                                   text42       004B3A
__ptext43                                   text43       004C28
__ptext44                                   text44       003E9C
__ptext45                                   text45       004F6C
__ptext46                                   text46       004CF8
__ptext47                                   text47       001F60
__ptext48                                   text48       00197C
__ptext49                                   text49       005046
__ptext5                                    text5        004F44
__ptext50                                   text50       004772
__ptext51                                   text51       004EF2
__ptext52                                   text52       0017D8
__ptext53                                   text53       002768
__ptext54                                   text54       005006
__ptext55                                   text55       00238A
__ptext56                                   text56       001B06
__ptext57                                   text57       004C70
__ptext58                                   text58       005064
__ptext59                                   text59       0050C2
__ptext6                                    text6        001170
__ptext60                                   text60       0050AA
__ptext61                                   text61       00509C
__ptext62                                   text62       004FBC
__ptext63                                   text63       005078
__ptext64                                   text64       005026
__ptext66                                   text66       0013A4
__ptext67                                   text67       004DB8
__ptext68                                   text68       004EC6
__ptext69                                   text69       0049E2
__ptext7                                    text7        004D3A
__ptext70                                   text70       004E64
__ptext71                                   text71       0024DA
__ptext72                                   text72       0040EC
__ptext73                                   text73       004B8C
__ptext74                                   text74       0044EA
__ptext75                                   text75       002B2C
__ptext76                                   text76       004302
__ptext77                                   text77       002ECE
__ptext78                                   text78       003BFE
__ptext79                                   text79       001C7E
__ptext8                                    text8        004E98
__ptext80                                   text80       003636
__ptext81                                   text81       00222A
__ptext82                                   text82       00080C
__ptext83                                   text83       004602
__ptext84                                   text84       003738
__ptext85                                   text85       00491E
__ptext86                                   text86       002C6C
__ptext87                                   text87       004BDC
__ptext88                                   text88       0043AE
__ptext89                                   text89       0046FE
__ptext9                                    text9        004982
__ptext90                                   text90       0028AA
__ptext91                                   text91       003B0E
__ptext92                                   text92       003428
__ptext93                                   text93       0030FC
__ptext95                                   text95       0050B6
__ptext96                                   text96       0050CC
__ptext97                                   text97       00508C
__ptext98                                   text98       000000
__ramtop                                    ramtop       000800
__size_of_CDCInitEP                         (abs)        000000
__size_of_CDCTxService                      (abs)        000000
__size_of_INTERRUUPT_Init                   (abs)        000000
__size_of_ISR_High_Priority                 (abs)        000000
__size_of_ISR_Low_Priority                  (abs)        000000
__size_of_MillisISR                         (abs)        000000
__size_of_Millis_Get                        (abs)        000000
__size_of_Millis_Init                       (abs)        000000
__size_of_OSCILATOR_Init                    (abs)        000000
__size_of_PORT_Init                         (abs)        000000
__size_of_TMR1_Clear_Flag_Ovf               (abs)        000000
__size_of_TMR1_Enable_Interrupt             (abs)        000000
__size_of_TMR1_ISR                          (abs)        000000
__size_of_TMR1_Initialize                   (abs)        000000
__size_of_Task1                             (abs)        000000
__size_of_Task2                             (abs)        000000
__size_of_Timer2_Initialize                 (abs)        000000
__size_of_USBCheckCDCRequest                (abs)        000000
__size_of_USBCheckStdRequest                (abs)        000000
__size_of_USBConfigureEndpoint              (abs)        000000
__size_of_USBCtrlEPAllowDataStage           (abs)        000000
__size_of_USBCtrlEPAllowStatusStage         (abs)        000000
__size_of_USBCtrlEPService                  (abs)        000000
__size_of_USBCtrlEPServiceComplete          (abs)        000000
__size_of_USBCtrlTrfInHandler               (abs)        000000
__size_of_USBCtrlTrfOutHandler              (abs)        000000
__size_of_USBCtrlTrfRxService               (abs)        000000
__size_of_USBCtrlTrfSetupHandler            (abs)        000000
__size_of_USBCtrlTrfTxService               (abs)        000000
__size_of_USBDeviceAttach                   (abs)        000000
__size_of_USBDeviceInit                     (abs)        000000
__size_of_USBDeviceTasks                    (abs)        000000
__size_of_USBEnableEndpoint                 (abs)        000000
__size_of_USBIncrement1msInternalTimers     (abs)        000000
__size_of_USBStallHandler                   (abs)        000000
__size_of_USBStdFeatureReqHandler           (abs)        000000
__size_of_USBStdGetDscHandler               (abs)        000000
__size_of_USBStdGetStatusHandler            (abs)        000000
__size_of_USBStdSetCfgHandler               (abs)        000000
__size_of_USBSuspend                        (abs)        000000
__size_of_USBTransferOnePacket              (abs)        000000
__size_of_USBWakeFromSuspend                (abs)        000000
__size_of_USB_CDC_Tx_String                 (abs)        000000
__size_of_USER_USB_CALLBACK_EVENT_HANDLER   (abs)        000000
__size_of___aodiv                           (abs)        000000
__size_of___aomod                           (abs)        000000
__size_of___lodiv                           (abs)        000000
__size_of___lomod                           (abs)        000000
__size_of___wmul                            (abs)        000000
__size_of_abs                               (abs)        000000
__size_of_dtoa                              (abs)        000000
__size_of_fputc                             (abs)        000000
__size_of_fputs                             (abs)        000000
__size_of_main                              (abs)        000000
__size_of_memcpy                            (abs)        000000
__size_of_memset                            (abs)        000000
__size_of_pad                               (abs)        000000
__size_of_printf                            (abs)        000000
__size_of_putch                             (abs)        000000
__size_of_putsUSBUSART                      (abs)        000000
__size_of_sprintf                           (abs)        000000
__size_of_strcpy                            (abs)        000000
__size_of_strlen                            (abs)        000000
__size_of_strncmp                           (abs)        000000
__size_of_utoa                              (abs)        000000
__size_of_vHardwareInit                     (abs)        000000
__size_of_vTaskStartScheduler               (abs)        000000
__size_of_vfpfcnvrt                         (abs)        000000
__size_of_vfprintf                          (abs)        000000
__size_of_xTaskCreate                       (abs)        000000
__size_ofi1_CDCInitEP                       (abs)        000000
__size_ofi1_USBCheckCDCRequest              (abs)        000000
__size_ofi1_USBCheckStdRequest              (abs)        000000
__size_ofi1_USBConfigureEndpoint            (abs)        000000
__size_ofi1_USBCtrlEPAllowDataStage         (abs)        000000
__size_ofi1_USBCtrlEPAllowStatusStage       (abs)        000000
__size_ofi1_USBCtrlEPService                (abs)        000000
__size_ofi1_USBCtrlEPServiceComplete        (abs)        000000
__size_ofi1_USBCtrlTrfInHandler             (abs)        000000
__size_ofi1_USBCtrlTrfOutHandler            (abs)        000000
__size_ofi1_USBCtrlTrfRxService             (abs)        000000
__size_ofi1_USBCtrlTrfSetupHandler          (abs)        000000
__size_ofi1_USBCtrlTrfTxService             (abs)        000000
__size_ofi1_USBDeviceInit                   (abs)        000000
__size_ofi1_USBDeviceTasks                  (abs)        000000
__size_ofi1_USBEnableEndpoint               (abs)        000000
__size_ofi1_USBIncrement1msInternalTimers   (abs)        000000
__size_ofi1_USBStallHandler                 (abs)        000000
__size_ofi1_USBStdFeatureReqHandler         (abs)        000000
__size_ofi1_USBStdGetDscHandler             (abs)        000000
__size_ofi1_USBStdGetStatusHandler          (abs)        000000
__size_ofi1_USBStdSetCfgHandler             (abs)        000000
__size_ofi1_USBSuspend                      (abs)        000000
__size_ofi1_USBTransferOnePacket            (abs)        000000
__size_ofi1_USBWakeFromSuspend              (abs)        000000
__size_ofi1_USER_USB_CALLBACK_EVENT_HANDLER (abs)        000000
__size_ofi1_memcpy                          (abs)        000000
__size_ofi1_memset                          (abs)        000000
__smallconst                                smallconst   000000
_abs                                        text46       004CF8
_cdc_data_rx                                (abs)        000540
_cdc_data_tx                                (abs)        000500
[...]
_taskList                                   bssBANK1     000138
_utoa                                       text36       0015D2
_vHardwareInit                              text54       005006
_vTaskStartScheduler                        text4        000B5C
_vfpfcnvrt                                  text35       0000AA
_vfprintf                                   text34       00484C
_width                                      bssBANK1     000130
_xTaskCreate                                text1        0020C6
abs@a                                       cstackBANK0  000072
btemp                                       temp         00005A
dtoa@d                                      cstackBANK0  000084
dtoa@fp                                     cstackBANK0  000082
dtoa@i                                      cstackBANK0  0000A4
dtoa@n                                      cstackBANK0  00009C
dtoa@p                                      cstackBANK0  000096
dtoa@s                                      cstackBANK0  00009A
dtoa@w                                      cstackBANK0  000098
end_of_initialization                       cinit        004DAA
fputc@c                                     cstackBANK0  000067
fputc@fp                                    cstackBANK0  000069
fputs@c                                     cstackBANK0  000074
fputs@fp                                    cstackBANK0  000072
fputs@i                                     cstackBANK0  000075
fputs@s                                     cstackBANK0  000070
i1USBConfigureEndpoint@EPNum                cstackCOMRAM 000033
i1USBConfigureEndpoint@direction            cstackCOMRAM 00002E
i1USBConfigureEndpoint@handle               cstackCOMRAM 000034
i1USBCtrlTrfInHandler@lastDTS               cstackCOMRAM 00002F
i1USBCtrlTrfRxService@byteToRead            cstackCOMRAM 00002F
i1USBCtrlTrfRxService@i                     cstackCOMRAM 00002E
i1USBCtrlTrfTxService@byteToSend            cstackCOMRAM 00002E
i1USBDeviceInit@i                           cstackCOMRAM 00003A
i1USBDeviceTasks@i                          cstackCOMRAM 00004C
i1USBEnableEndpoint@ep                      cstackCOMRAM 000039
i1USBEnableEndpoint@options                 cstackCOMRAM 000036
i1USBEnableEndpoint@p                       cstackCOMRAM 000037
i1USBStdFeatureReqHandler@current_ep_data   cstackCOMRAM 000046
i1USBStdFeatureReqHandler@p                 cstackCOMRAM 000047
i1USBStdFeatureReqHandler@pUEP              cstackCOMRAM 000044
i1USBStdGetStatusHandler@p                  cstackCOMRAM 000030
i1USBStdSetCfgHandler@i                     cstackCOMRAM 000042
i1USBTransferOnePacket@data                 cstackCOMRAM 00002F
i1USBTransferOnePacket@dir                  cstackCOMRAM 00002E
i1USBTransferOnePacket@ep                   cstackCOMRAM 000036
i1USBTransferOnePacket@handle               cstackCOMRAM 000037
i1USBTransferOnePacket@len                  cstackCOMRAM 000031
i1USER_USB_CALLBACK_EVENT_HANDLER@event     cstackCOMRAM 00003A
i1USER_USB_CALLBACK_EVENT_HANDLER@pdata     cstackCOMRAM 00003C
i1USER_USB_CALLBACK_EVENT_HANDLER@size      cstackCOMRAM 00003E
i1_CDCInitEP                                text85       00491E
i1_USBCheckCDCRequest                       text84       003738
i1_USBCheckStdRequest                       text77       002ECE
i1_USBConfigureEndpoint                     text88       0043AE
i1_USBCtrlEPAllowDataStage                  text76       004302
i1_USBCtrlEPAllowStatusStage                text91       003B0E
i1_USBCtrlEPService                         text72       0040EC
i1_USBCtrlEPServiceComplete                 text75       002B2C
i1_USBCtrlTrfInHandler                      text92       003428
i1_USBCtrlTrfOutHandler                     text89       0046FE
i1_USBCtrlTrfRxService                      text90       0028AA
i1_USBCtrlTrfSetupHandler                   text74       0044EA
i1_USBCtrlTrfTxService                      text93       0030FC
i1_USBDeviceInit                            text71       0024DA
i1_USBDeviceTasks                           text66       0013A4
i1_USBEnableEndpoint                        text87       004BDC
i1_USBIncrement1msInternalTimers            text70       004E64
i1_USBStallHandler                          text69       0049E2
i1_USBStdFeatureReqHandler                  text82       00080C
i1_USBStdGetDscHandler                      text81       00222A
i1_USBStdGetStatusHandler                   text80       003636
i1_USBStdSetCfgHandler                      text78       003BFE
i1_USBSuspend                               text68       004EC6
i1_USBTransferOnePacket                     text86       002C6C
i1_USBWakeFromSuspend                       text67       004DB8
i1_USER_USB_CALLBACK_EVENT_HANDLER          text83       004602
i1_memcpy                                   text73       004B8C
i1_memset                                   text79       001C7E
i1memcpy@d                                  cstackCOMRAM 000034
i1memcpy@d1                                 cstackCOMRAM 00002E
i1memcpy@n                                  cstackCOMRAM 000032
i1memcpy@s                                  cstackCOMRAM 000036
i1memcpy@s1                                 cstackCOMRAM 000030
i1memcpy@tmp                                cstackCOMRAM 000038
i1memset@c                                  cstackCOMRAM 000030
i1memset@dest                               cstackCOMRAM 00002E
i1memset@k                                  cstackCOMRAM 000036
i1memset@n                                  cstackCOMRAM 000032
i1memset@s                                  cstackCOMRAM 000038
int$flags                                   temp         00005A
int_func                                    intcode_body 004F94
intlevel0                                   text         000000
intlevel1                                   text         000000
intlevel2                                   text         000000
intlevel3                                   text         000000
isa$std                                     (abs)        000001
isa$xinst                                   (abs)        000000
memcpy@d                                    cstackBANK0  000067
memcpy@d1                                   cstackBANK0  000060
memcpy@n                                    cstackBANK0  000064
memcpy@s                                    cstackBANK0  000069
memcpy@s1                                   cstackBANK0  000062
memcpy@tmp                                  cstackBANK0  000066
memset@c                                    cstackBANK0  000062
memset@dest                                 cstackBANK0  000060
memset@k                                    cstackBANK0  000068
memset@n                                    cstackBANK0  000064
memset@s                                    cstackBANK0  00006A
pad@buf                                     cstackBANK0  000079
pad@fp                                      cstackBANK0  000077
pad@i                                       cstackBANK0  00007E
pad@p                                       cstackBANK0  00007B
pad@w                                       cstackBANK0  000080
printf@ap                                   cstackBANK0  0000D6
printf@fmt                                  cstackBANK0  0000D2
putch@c                                     cstackBANK0  000065
putch@ch                                    cstackBANK0  000066
putsUSBUSART@data                           cstackBANK0  000060
putsUSBUSART@len                            cstackBANK0  000064
putsUSBUSART@pData                          cstackBANK0  000062
sprintf@ap                                  cstackBANK0  0000DA
sprintf@f                                   cstackBANK0  0000DC
sprintf@fmt                                 cstackBANK0  0000D4
sprintf@s                                   cstackBANK0  0000D2
stackhi                                     (abs)        0007FF
stacklo                                     (abs)        000580
start                                       init         0000A6
start_initialization                        cinit        004D7A
strcpy@d                                    cstackBANK0  000066
strcpy@dest                                 cstackBANK0  000060
strcpy@s                                    cstackBANK0  000064
strcpy@src                                  cstackBANK0  000062
strlen@a                                    cstackBANK0  000062
strlen@s                                    cstackBANK0  000060
strncmp@_l                                  cstackBANK0  000060
strncmp@_r                                  cstackBANK0  000062
strncmp@l                                   cstackBANK0  000067
strncmp@n                                   cstackBANK0  000064
strncmp@r                                   cstackBANK0  000069
ttemp5                                      temp         00005B
ttemp6                                      temp         00005E
ttemp7                                      temp         000062
utoa@d                                      cstackBANK0  000084
utoa@fp                                     cstackBANK0  000082
utoa@i                                      cstackBANK0  0000A0
utoa@n                                      cstackBANK0  000098
utoa@p                                      cstackBANK0  000094
utoa@w                                      cstackBANK0  000096
vTaskStartScheduler@i                       cstackBANK1  0001F1
vTaskStartScheduler@j                       cstackBANK1  0001EF
vTaskStartScheduler@k                       cstackBANK1  0001ED
vTaskStartScheduler@length                  cstackBANK1  0001EB
vTaskStartScheduler@pvTask                  cstackBANK1  0001E9
vTaskStartScheduler@temp                    cstackBANK1  0001CF
vfpfcnvrt@ap                                cstackBANK0  0000AA
vfpfcnvrt@fmt                               cstackBANK0  0000A8
vfpfcnvrt@fp                                cstackBANK0  0000A6
vfpfcnvrt@ll                                cstackBANK0  0000BA
vfpfcnvrt@llu                               cstackBANK0  0000C2
vfprintf@ap                                 cstackBANK0  0000CE
vfprintf@cfmt                               cstackBANK0  0000D0
vfprintf@fmt                                cstackBANK0  0000CC
vfprintf@fp                                 cstackBANK0  0000CA
wtemp8                                      temp         00005B
xTaskCreate@i                               cstackBANK0  0000E4
xTaskCreate@pcName                          cstackBANK0  0000D8
xTaskCreate@pvTaskCode                      cstackBANK0  0000E0
xTaskCreate@pvTaskRateMs                    cstackBANK0  0000DC
xTaskCreate@xPriority                       cstackBANK0  0000DA


MODULE INFORMATION

Module		Function		Class		Link	Load	Size
C:\Program Files\Microchip\xc8\v2.32\pic\sources\c99\common\memset.c
		_memset        		CODE           	1B06	0000	376

C:\Program Files\Microchip\xc8\v2.32\pic\sources\c99\common\memset.c estimated size: 376

C:\Program Files\Microchip\xc8\v2.32\pic\sources\c99\common\nf_sprintf.c
		_sprintf       		CODE           	4AE8	0000	82

C:\Program Files\Microchip\xc8\v2.32\pic\sources\c99\common\nf_sprintf.c estimated size: 82

TMR1.c
		_TMR1_Initialize		CODE           	4FBC	0000	38
		_TMR1_Enable_Interrupt		CODE           	5026	0000	32
		_TMR1_Clear_Flag_Ovf		CODE           	50CC	0000	4
		_TMR1_ISR      		CODE           	50B6	0000	12

TMR1.c estimated size: 86

C:\Program Files\Microchip\xc8\v2.32\pic\sources\c99\common\doprnt.c
		_vfpfcnvrt     		CODE           	00AA	0000	1002
		_pad           		CODE           	3F68	0000	202
		_dtoa          		CODE           	0E8C	0000	740
		_vfprintf      		CODE           	484C	0000	106
		_utoa          		CODE           	15D2	0000	518

C:\Program Files\Microchip\xc8\v2.32\pic\sources\c99\common\doprnt.c estimated size: 2568

millis.c
		_Millis_Get    		CODE           	4EF2	0000	42
		_Millis_Init   		CODE           	509C	0000	14
		_MillisISR     		CODE           	508C	0000	16

millis.c estimated size: 72

C:\Program Files\Microchip\xc8\v2.32\pic\sources\c99\common\lomod.c
		___lomod       		CODE           	3DCA	0000	210

C:\Program Files\Microchip\xc8\v2.32\pic\sources\c99\common\lomod.c estimated size: 210

ConfBits_RealBoardPLL.c
		_OSCILATOR_Init		CODE           	50AA	0000	12

ConfBits_RealBoardPLL.c estimated size: 12

C:\Program Files\Microchip\xc8\v2.32\pic\sources\c99\common\memcpy.c
		_memcpy        		CODE           	4A96	0000	82

C:\Program Files\Microchip\xc8\v2.32\pic\sources\c99\common\memcpy.c estimated size: 82

C:\Program Files\Microchip\xc8\v2.32\pic\sources\c99\common\nf_fputs.c
		_fputs         		CODE           	4C28	0000	72

C:\Program Files\Microchip\xc8\v2.32\pic\sources\c99\common\nf_fputs.c estimated size: 72

C:\Program Files\Microchip\xc8\v2.32\pic\sources\c99\common\Umul16.c
		___wmul        		CODE           	4F44	0000	40

C:\Program Files\Microchip\xc8\v2.32\pic\sources\c99\common\Umul16.c estimated size: 40

mcc_generated_files/usb/usb_device_cdc.c
		_CDCTxService  		CODE           	17D8	0000	420
		_CDCInitEP     		CODE           	47E2	0000	106
		_putsUSBUSART  		CODE           	4772	0000	112
		_USBCheckCDCRequest		CODE           	3532	0000	260

mcc_generated_files/usb/usb_device_cdc.c estimated size: 898

C:\Program Files\Microchip\xc8\v2.32\pic\sources\c99\common\abs.c
		_abs           		CODE           	4CF8	0000	66

C:\Program Files\Microchip\xc8\v2.32\pic\sources\c99\common\abs.c estimated size: 66

C:\Program Files\Microchip\xc8\v2.32\pic\sources\c99\common\aomod.c
		___aomod       		CODE           	1F60	0000	358

C:\Program Files\Microchip\xc8\v2.32\pic\sources\c99\common\aomod.c estimated size: 358

TMR2.c
		_Timer2_Initialize		CODE           	5064	0000	20

TMR2.c estimated size: 20

C:\Program Files\Microchip\xc8\v2.32\pic\sources\c99\common\lodiv.c
		___lodiv       		CODE           	392C	0000	242

C:\Program Files\Microchip\xc8\v2.32\pic\sources\c99\common\lodiv.c estimated size: 242

C:\Program Files\Microchip\xc8\v2.32\pic\sources\c99\common\strncmp.c
		_strncmp       		CODE           	3CEA	0000	224

C:\Program Files\Microchip\xc8\v2.32\pic\sources\c99\common\strncmp.c estimated size: 224

shared
		i1_USBIncrement1msInternalTimers		CODE           	4E64	0000	52
		_configDescriptor1		MEDIUMCONST    	7ED5	0000	67
		_USB_CD_Ptr    		MEDIUMCONST    	7ED3	0000	2
		_sd001         		MEDIUMCONST    	7F18	0000	52
		i1_USBCtrlEPService		CODE           	40EC	0000	186
		i1_USBCtrlEPServiceComplete		CODE           	2B2C	0000	320
		i1_USBCtrlTrfSetupHandler		CODE           	44EA	0000	142
		i1_USBCtrlEPAllowStatusStage		CODE           	3B0E	0000	240
		_sd002         		MEDIUMCONST    	7F4C	0000	26
		i1_USBCtrlTrfOutHandler		CODE           	46FE	0000	116
		i1_USBDeviceInit		CODE           	24DA	0000	330
		i1_USBWakeFromSuspend		CODE           	4DB8	0000	62
		i1_USBConfigureEndpoint		CODE           	43AE	0000	172
		i1_USBStdSetCfgHandler		CODE           	3BFE	0000	236
		i1_USBStdGetDscHandler		CODE           	222A	0000	352
		__initialization		CODE           	4D7A	0000	48
		i1_USBStallHandler		CODE           	49E2	0000	96
		_device_dsc    		MEDIUMCONST    	7F66	0000	18
		i1_USBStdGetStatusHandler		CODE           	3636	0000	258
		i1_CDCInitEP   		CODE           	491E	0000	100
		i1_USER_USB_CALLBACK_EVENT_HANDLER		CODE           	4602	0000	136
		i1_USBStdFeatureReqHandler		CODE           	080C	0000	848
		_USB_SD_Ptr    		MEDIUMCONST    	7ECD	0000	6
		i1_memset      		CODE           	1C7E	0000	374
		i1_USBCheckCDCRequest		CODE           	3738	0000	258
		i1_USBEnableEndpoint		CODE           	4BDC	0000	76
		i1_USBDeviceTasks		CODE           	13A4	0000	558
		i1_USBCtrlTrfRxService		CODE           	28AA	0000	322
		_sd000         		MEDIUMCONST    	7F78	0000	4
		i1_USBCtrlTrfTxService		CODE           	30FC	0000	272
		i1_USBCheckStdRequest		CODE           	2ECE	0000	286
		i1_memcpy      		CODE           	4B8C	0000	80
		i1_USBTransferOnePacket		CODE           	2C6C	0000	318
		i1_USBCtrlTrfInHandler		CODE           	3428	0000	266
		i1_USBSuspend  		CODE           	4EC6	0000	44
		i1_USBCtrlEPAllowDataStage		CODE           	4302	0000	172

shared estimated size: 6895

mcc_generated_files/usb/usb_device_events.c
		_USER_USB_CALLBACK_EVENT_HANDLER		CODE           	4578	0000	138

mcc_generated_files/usb/usb_device_events.c estimated size: 138

RTOS.c
		_xTaskCreate   		CODE           	20C6	0000	356
		_putch         		CODE           	4F6C	0000	40
		_vTaskStartScheduler		CODE           	0B5C	0000	816
		_PORT_Init     		CODE           	50C2	0000	10
		_vHardwareInit 		CODE           	5006	0000	32

RTOS.c estimated size: 1254

C:\Program Files\Microchip\xc8\v2.32\pic\sources\c99\common\printf.c
		_printf        		CODE           	4F1C	0000	40

C:\Program Files\Microchip\xc8\v2.32\pic\sources\c99\common\printf.c estimated size: 40

C:\Program Files\Microchip\xc8\v2.32\pic\sources\c99\common\nf_fputc.c
		_fputc         		CODE           	3E9C	0000	204

C:\Program Files\Microchip\xc8\v2.32\pic\sources\c99\common\nf_fputc.c estimated size: 204

C:\Program Files\Microchip\xc8\v2.32\pic\sources\c99\common\aodiv.c
		___aodiv       		CODE           	197C	0000	394

C:\Program Files\Microchip\xc8\v2.32\pic\sources\c99\common\aodiv.c estimated size: 394

main.c
		_USB_CDC_Tx_String		CODE           	5046	0000	30
		_main          		CODE           	48B6	0000	104
		_Task1         		CODE           	4DF6	0000	58
		_Task2         		CODE           	4FE2	0000	36

main.c estimated size: 228

C:\Program Files\Microchip\xc8\v2.32\pic\sources\c99\common\strlen.c
		_strlen        		CODE           	4B3A	0000	82

C:\Program Files\Microchip\xc8\v2.32\pic\sources\c99\common\strlen.c estimated size: 82

INTERRUPT_Controller.c
		_ISR_High_Priority		CODE           	0008	0000	46
		_INTERRUUPT_Init		CODE           	5078	0000	20
		_ISR_Low_Priority		CODE           	0018	0000	142

INTERRUPT_Controller.c estimated size: 208

mcc_generated_files/usb/usb_device.c
		_USBCtrlTrfInHandler		CODE           	331A	0000	270
		_USBTransferOnePacket		CODE           	2768	0000	322
		_USBDeviceAttach		CODE           	4C70	0000	70
		_USBStdGetDscHandler		CODE           	1DF4	0000	364
		_USBCtrlEPAllowDataStage		CODE           	4256	0000	172
		_USBStdFeatureReqHandler		CODE           	0494	0000	888
		_USBCtrlEPAllowStatusStage		CODE           	3A1E	0000	240
		_USBCtrlTrfSetupHandler		CODE           	445A	0000	144
		_USBCtrlTrfOutHandler		CODE           	468A	0000	116
		_USBCtrlEPServiceComplete		CODE           	29EC	0000	320
		_USBSuspend    		CODE           	4E98	0000	46
		_USBStdSetCfgHandler		CODE           	383A	0000	242
		_USBStdGetStatusHandler		CODE           	320C	0000	270
		_USBWakeFromSuspend		CODE           	4D3A	0000	64
		_USBCtrlTrfRxService		CODE           	2624	0000	324
		_USBCtrlTrfTxService		CODE           	2FEC	0000	272
		_USBEnableEndpoint		CODE           	4A42	0000	84
		_USBConfigureEndpoint		CODE           	41A6	0000	176
		_USBDeviceInit 		CODE           	238A	0000	336
		_USBIncrement1msInternalTimers		CODE           	4E30	0000	52
		_USBCtrlEPService		CODE           	4032	0000	186
		_USBStallHandler		CODE           	4982	0000	96
		_USBDeviceTasks		CODE           	1170	0000	564
		_USBCheckStdRequest		CODE           	2DAA	0000	292

mcc_generated_files/usb/usb_device.c estimated size: 5910

C:\Program Files\Microchip\xc8\v2.32\pic\sources\c99\common\strcpy.c
		_strcpy        		CODE           	4CB6	0000	66

C:\Program Files\Microchip\xc8\v2.32\pic\sources\c99\common\strcpy.c estimated size: 66

